Component: ARM Compiler 5.06 update 4 (build 422) Tool: armlink [4d35d2]

==============================================================================

Section Cross References

    startup_stm32f0xx.o(STACK) refers (Special) to heapauxi.o(.text) for __use_two_region_memory
    startup_stm32f0xx.o(HEAP) refers (Special) to heapauxi.o(.text) for __use_two_region_memory
    startup_stm32f0xx.o(RESET) refers (Special) to heapauxi.o(.text) for __use_two_region_memory
    startup_stm32f0xx.o(RESET) refers to startup_stm32f0xx.o(STACK) for __initial_sp
    startup_stm32f0xx.o(RESET) refers to startup_stm32f0xx.o(.text) for Reset_Handler
    startup_stm32f0xx.o(RESET) refers to stm32f0xx_it.o(i.NMI_Handler) for NMI_Handler
    startup_stm32f0xx.o(RESET) refers to stm32f0xx_it.o(i.HardFault_Handler) for HardFault_Handler
    startup_stm32f0xx.o(RESET) refers to stm32f0xx_it.o(i.SVC_Handler) for SVC_Handler
    startup_stm32f0xx.o(RESET) refers to stm32f0xx_it.o(i.PendSV_Handler) for PendSV_Handler
    startup_stm32f0xx.o(RESET) refers to stm32f0xx_it.o(i.SysTick_Handler) for SysTick_Handler
    startup_stm32f0xx.o(RESET) refers to stm32f0xx_it.o(i.RTC_IRQHandler) for RTC_IRQHandler
    startup_stm32f0xx.o(RESET) refers to stm32f0xx_it.o(i.EXTI0_1_IRQHandler) for EXTI0_1_IRQHandler
    startup_stm32f0xx.o(RESET) refers to stm32f0xx_it.o(i.EXTI2_3_IRQHandler) for EXTI2_3_IRQHandler
    startup_stm32f0xx.o(RESET) refers to stm32f0xx_it.o(i.EXTI4_15_IRQHandler) for EXTI4_15_IRQHandler
    startup_stm32f0xx.o(RESET) refers to stm32f0xx_it.o(i.TIM2_IRQHandler) for TIM2_IRQHandler
    startup_stm32f0xx.o(RESET) refers to stm32f0xx_it.o(i.TIM3_IRQHandler) for TIM3_IRQHandler
    startup_stm32f0xx.o(RESET) refers to stm32f0xx_it.o(i.TIM14_IRQHandler) for TIM14_IRQHandler
    startup_stm32f0xx.o(RESET) refers to stm32f0xx_it.o(i.USART1_IRQHandler) for USART1_IRQHandler
    startup_stm32f0xx.o(RESET) refers to stm32f0xx_it.o(i.USART2_IRQHandler) for USART2_IRQHandler
    startup_stm32f0xx.o(.text) refers (Special) to heapauxi.o(.text) for __use_two_region_memory
    startup_stm32f0xx.o(.text) refers to system_stm32f0xx.o(i.SystemInit) for SystemInit
    startup_stm32f0xx.o(.text) refers to __main.o(!!!main) for __main
    startup_stm32f0xx.o(.text) refers to startup_stm32f0xx.o(HEAP) for Heap_Mem
    startup_stm32f0xx.o(.text) refers to startup_stm32f0xx.o(STACK) for Stack_Mem
    stm32f0_discovery.o(i.STM_EVAL_LEDInit) refers to stm32f0xx_rcc.o(i.RCC_AHBPeriphClockCmd) for RCC_AHBPeriphClockCmd
    stm32f0_discovery.o(i.STM_EVAL_LEDInit) refers to stm32f0xx_gpio.o(i.GPIO_Init) for GPIO_Init
    stm32f0_discovery.o(i.STM_EVAL_LEDInit) refers to stm32f0_discovery.o(.constdata) for GPIO_CLK
    stm32f0_discovery.o(i.STM_EVAL_LEDInit) refers to stm32f0_discovery.o(.data) for GPIO_PORT
    stm32f0_discovery.o(i.STM_EVAL_LEDOff) refers to stm32f0_discovery.o(.constdata) for GPIO_PIN
    stm32f0_discovery.o(i.STM_EVAL_LEDOff) refers to stm32f0_discovery.o(.data) for GPIO_PORT
    stm32f0_discovery.o(i.STM_EVAL_LEDOn) refers to stm32f0_discovery.o(.constdata) for GPIO_PIN
    stm32f0_discovery.o(i.STM_EVAL_LEDOn) refers to stm32f0_discovery.o(.data) for GPIO_PORT
    stm32f0_discovery.o(i.STM_EVAL_LEDToggle) refers to stm32f0_discovery.o(.data) for GPIO_PORT
    stm32f0_discovery.o(i.STM_EVAL_LEDToggle) refers to stm32f0_discovery.o(.constdata) for GPIO_PIN
    stm32f0_discovery.o(i.STM_EVAL_PBGetState) refers to stm32f0xx_gpio.o(i.GPIO_ReadInputDataBit) for GPIO_ReadInputDataBit
    stm32f0_discovery.o(i.STM_EVAL_PBGetState) refers to stm32f0_discovery.o(.constdata) for BUTTON_PIN
    stm32f0_discovery.o(i.STM_EVAL_PBGetState) refers to stm32f0_discovery.o(.data) for BUTTON_PORT
    stm32f0_discovery.o(i.STM_EVAL_PBInit) refers to stm32f0xx_rcc.o(i.RCC_AHBPeriphClockCmd) for RCC_AHBPeriphClockCmd
    stm32f0_discovery.o(i.STM_EVAL_PBInit) refers to stm32f0xx_rcc.o(i.RCC_APB2PeriphClockCmd) for RCC_APB2PeriphClockCmd
    stm32f0_discovery.o(i.STM_EVAL_PBInit) refers to stm32f0xx_gpio.o(i.GPIO_Init) for GPIO_Init
    stm32f0_discovery.o(i.STM_EVAL_PBInit) refers to stm32f0xx_syscfg.o(i.SYSCFG_EXTILineConfig) for SYSCFG_EXTILineConfig
    stm32f0_discovery.o(i.STM_EVAL_PBInit) refers to stm32f0xx_exti.o(i.EXTI_Init) for EXTI_Init
    stm32f0_discovery.o(i.STM_EVAL_PBInit) refers to stm32f0xx_misc.o(i.NVIC_Init) for NVIC_Init
    stm32f0_discovery.o(i.STM_EVAL_PBInit) refers to stm32f0_discovery.o(.constdata) for BUTTON_CLK
    stm32f0_discovery.o(i.STM_EVAL_PBInit) refers to stm32f0_discovery.o(.data) for BUTTON_PORT
    stm32f0xx_it.o(i.EXTI2_3_IRQHandler) refers to stm32f0xx_exti.o(i.EXTI_GetITStatus) for EXTI_GetITStatus
    stm32f0xx_it.o(i.EXTI2_3_IRQHandler) refers to stm32f0xx_exti.o(i.EXTI_ClearITPendingBit) for EXTI_ClearITPendingBit
    stm32f0xx_it.o(i.EXTI2_3_IRQHandler) refers to apt8l16.o(i._set_APT_Touchkey_status) for _set_APT_Touchkey_status
[...]
    __rt_lib_shutdown_return                 0x08000141   Thumb Code     0  libshutdown2.o(.ARM.Collect$$libshutdown$$00000010)
    __rt_lib_shutdown_signal_1               0x08000141   Thumb Code     0  libshutdown2.o(.ARM.Collect$$libshutdown$$0000000A)
    __rt_lib_shutdown_stdio_1                0x08000141   Thumb Code     0  libshutdown2.o(.ARM.Collect$$libshutdown$$00000004)
    __rt_lib_shutdown_user_alloc_1           0x08000141   Thumb Code     0  libshutdown2.o(.ARM.Collect$$libshutdown$$0000000C)
    __rt_entry                               0x08000143   Thumb Code     0  __rtentry.o(.ARM.Collect$$rtentry$$00000000)
    __rt_entry_presh_1                       0x08000143   Thumb Code     0  __rtentry2.o(.ARM.Collect$$rtentry$$00000002)
    __rt_entry_sh                            0x08000143   Thumb Code     0  __rtentry4.o(.ARM.Collect$$rtentry$$00000004)
    __rt_entry_li                            0x08000149   Thumb Code     0  __rtentry2.o(.ARM.Collect$$rtentry$$0000000A)
    __rt_entry_postsh_1                      0x08000149   Thumb Code     0  __rtentry2.o(.ARM.Collect$$rtentry$$00000009)
    __rt_entry_main                          0x0800014d   Thumb Code     0  __rtentry2.o(.ARM.Collect$$rtentry$$0000000D)
    __rt_entry_postli_1                      0x0800014d   Thumb Code     0  __rtentry2.o(.ARM.Collect$$rtentry$$0000000C)
    __rt_exit                                0x08000155   Thumb Code     0  rtexit.o(.ARM.Collect$$rtexit$$00000000)
    __rt_exit_ls                             0x08000157   Thumb Code     0  rtexit2.o(.ARM.Collect$$rtexit$$00000003)
    __rt_exit_prels_1                        0x08000157   Thumb Code     0  rtexit2.o(.ARM.Collect$$rtexit$$00000002)
    __rt_exit_exit                           0x0800015b   Thumb Code     0  rtexit2.o(.ARM.Collect$$rtexit$$00000004)
    __aeabi_memcpy4                          0x08000161   Thumb Code    56  rt_memcpy.o(.emb_text)
    __aeabi_memcpy8                          0x08000161   Thumb Code     0  rt_memcpy.o(.emb_text)
    Reset_Handler                            0x08000199   Thumb Code     8  startup_stm32f0xx.o(.text)
    ADC1_COMP_IRQHandler                     0x080001ab   Thumb Code     0  startup_stm32f0xx.o(.text)
    CEC_IRQHandler                           0x080001ab   Thumb Code     0  startup_stm32f0xx.o(.text)
    DMA1_Channel1_IRQHandler                 0x080001ab   Thumb Code     0  startup_stm32f0xx.o(.text)
    DMA1_Channel2_3_IRQHandler               0x080001ab   Thumb Code     0  startup_stm32f0xx.o(.text)
    DMA1_Channel4_5_IRQHandler               0x080001ab   Thumb Code     0  startup_stm32f0xx.o(.text)
    FLASH_IRQHandler                         0x080001ab   Thumb Code     0  startup_stm32f0xx.o(.text)
    I2C1_IRQHandler                          0x080001ab   Thumb Code     0  startup_stm32f0xx.o(.text)
    I2C2_IRQHandler                          0x080001ab   Thumb Code     0  startup_stm32f0xx.o(.text)
    PVD_IRQHandler                           0x080001ab   Thumb Code     0  startup_stm32f0xx.o(.text)
    RCC_IRQHandler                           0x080001ab   Thumb Code     0  startup_stm32f0xx.o(.text)
    SPI1_IRQHandler                          0x080001ab   Thumb Code     0  startup_stm32f0xx.o(.text)
    SPI2_IRQHandler                          0x080001ab   Thumb Code     0  startup_stm32f0xx.o(.text)
    TIM15_IRQHandler                         0x080001ab   Thumb Code     0  startup_stm32f0xx.o(.text)
    TIM16_IRQHandler                         0x080001ab   Thumb Code     0  startup_stm32f0xx.o(.text)
    TIM17_IRQHandler                         0x080001ab   Thumb Code     0  startup_stm32f0xx.o(.text)
    TIM1_BRK_UP_TRG_COM_IRQHandler           0x080001ab   Thumb Code     0  startup_stm32f0xx.o(.text)
    TIM1_CC_IRQHandler                       0x080001ab   Thumb Code     0  startup_stm32f0xx.o(.text)
    TIM6_DAC_IRQHandler                      0x080001ab   Thumb Code     0  startup_stm32f0xx.o(.text)
    TS_IRQHandler                            0x080001ab   Thumb Code     0  startup_stm32f0xx.o(.text)
    WWDG_IRQHandler                          0x080001ab   Thumb Code     0  startup_stm32f0xx.o(.text)
    __user_initial_stackheap                 0x080001ad   Thumb Code     0  startup_stm32f0xx.o(.text)
    __I$use$semihosting                      0x080001d1   Thumb Code     0  use_no_semi.o(.text)
    __use_no_semihosting_swi                 0x080001d1   Thumb Code     2  use_no_semi.o(.text)
    __2printf                                0x080001d5   Thumb Code    22  noretval__2printf.o(.text)
    __printf                                 0x080001f1   Thumb Code   108  __printf.o(.text)
    _printf_int_dec                          0x0800025d   Thumb Code    90  _printf_dec.o(.text)
    _printf_int_hex                          0x080002c9   Thumb Code    84  _printf_hex_int.o(.text)
    _printf_longlong_hex                     0x080002c9   Thumb Code     0  _printf_hex_int.o(.text)
    memcmp                                   0x08000321   Thumb Code    90  memcmp.o(.text)
    __aeabi_memcpy                           0x0800037b   Thumb Code   130  rt_memcpy.o(.text)
    __rt_memcpy                              0x0800037b   Thumb Code     0  rt_memcpy.o(.text)
    _memset_w                                0x080003fd   Thumb Code    26  rt_memclr.o(.text)
    _memset                                  0x08000417   Thumb Code    30  rt_memclr.o(.text)
    __aeabi_memclr                           0x08000435   Thumb Code     4  rt_memclr.o(.text)
    __rt_memclr                              0x08000435   Thumb Code     0  rt_memclr.o(.text)
    __aeabi_memclr4                          0x08000439   Thumb Code     0  rt_memclr.o(.text)
    __aeabi_memclr8                          0x08000439   Thumb Code     0  rt_memclr.o(.text)
    __rt_memclr_w                            0x08000439   Thumb Code     4  rt_memclr.o(.text)
    __aeabi_uidiv                            0x0800043d   Thumb Code     0  aeabi_sdiv.o(.text)
    __aeabi_uidivmod                         0x0800043d   Thumb Code    20  aeabi_sdiv.o(.text)
    __aeabi_idiv                             0x08000451   Thumb Code     0  aeabi_sdiv.o(.text)
    __aeabi_idivmod                          0x08000451   Thumb Code   326  aeabi_sdiv.o(.text)
    __use_two_region_memory                  0x08000597   Thumb Code     2  heapauxi.o(.text)
    __rt_heap_escrow$2region                 0x08000599   Thumb Code     2  heapauxi.o(.text)
    __rt_heap_expand$2region                 0x0800059b   Thumb Code     2  heapauxi.o(.text)
    __aeabi_d2f                              0x0800059d   Thumb Code     0  d2f.o(.text)
    _d2f                                     0x0800059d   Thumb Code   120  d2f.o(.text)
    __aeabi_dadd                             0x08000911   Thumb Code     0  daddsub.o(.text)
    _dadd                                    0x08000911   Thumb Code    26  daddsub.o(.text)
    __aeabi_dsub                             0x0800092b   Thumb Code     0  daddsub.o(.text)
    _dsub                                    0x0800092b   Thumb Code    22  daddsub.o(.text)
    __aeabi_drsub                            0x08000941   Thumb Code     0  daddsub.o(.text)
    _drsb                                    0x08000941   Thumb Code    28  daddsub.o(.text)
    __aeabi_ddiv                             0x08000971   Thumb Code     0  ddiv.o(.text)
    _ddiv                                    0x08000971   Thumb Code  1072  ddiv.o(.text)
    _drdiv                                   0x08000da1   Thumb Code    20  ddiv.o(.text)
    __aeabi_d2uiz                            0x08000db9   Thumb Code     0  dfixui.o(.text)
    _dfixu                                   0x08000db9   Thumb Code    68  dfixui.o(.text)
    __aeabi_i2d_normalise                    0x08000e01   Thumb Code    66  dflti.o(.text)
    __aeabi_i2d                              0x08000e43   Thumb Code    16  dflti.o(.text)
    _dflt                                    0x08000e43   Thumb Code     0  dflti.o(.text)
    __aeabi_ui2d                             0x08000e53   Thumb Code     6  dflti.o(.text)
    _dfltu                                   0x08000e53   Thumb Code     0  dflti.o(.text)
    __aeabi_dmul                             0x08000e59   Thumb Code     0  dmul.o(.text)
    _dmul                                    0x08000e59   Thumb Code   558  dmul.o(.text)
    __aeabi_f2d                              0x080010a1   Thumb Code     0  f2d.o(.text)
    _f2d                                     0x080010a1   Thumb Code    80  f2d.o(.text)
    __aeabi_fdiv                             0x080010f5   Thumb Code     0  fdiv.o(.text)
    _fdiv                                    0x080010f5   Thumb Code   334  fdiv.o(.text)
    _frdiv                                   0x08001243   Thumb Code     8  fdiv.o(.text)
    _printf_int_common                       0x08001255   Thumb Code   176  _printf_intcommon.o(.text)
    _printf_char_file                        0x08001305   Thumb Code    34  _printf_char_file.o(.text)
    __rt_udiv10                              0x0800132d   Thumb Code    40  rtudiv10.o(.text)
    __fpl_dcmp_InfNaN                        0x08001355   Thumb Code   140  dcmpin.o(.text)
    _printf_char_common                      0x080013ef   Thumb Code    32  _printf_char_common.o(.text)
    __fpl_cmpreturn                          0x08001415   Thumb Code    46  cmpret.o(.text)
    __fpl_dcheck_NaN2                        0x08001445   Thumb Code    14  dnan2.o(.text)
    __user_setup_stackheap                   0x08001459   Thumb Code    62  sys_stackheap_outer.o(.text)
    exit                                     0x08001497   Thumb Code    16  exit.o(.text)
    __fpl_return_NaN                         0x080014a7   Thumb Code    94  retnan.o(.text)
    __user_libspace                          0x08001505   Thumb Code     8  libspace.o(.text)
    __user_perproc_libspace                  0x08001505   Thumb Code     0  libspace.o(.text)
    __user_perthread_libspace                0x08001505   Thumb Code     0  libspace.o(.text)
    __decompress                             0x0800150d   Thumb Code     0  __dczerorl2.o(.text)
    __decompress1                            0x0800150d   Thumb Code    86  __dczerorl2.o(.text)
    ADC1_Init                                0x08001563   Thumb Code     8  bsp_adc.o(i.ADC1_Init)
    ADC_ChannelConfig                        0x0800156b   Thumb Code    24  stm32f0xx_adc.o(i.ADC_ChannelConfig)
    ADC_Check                                0x08001585   Thumb Code   148  bsp_adc.o(i.ADC_Check)
    ADC_Cmd                                  0x0800161d   Thumb Code    24  stm32f0xx_adc.o(i.ADC_Cmd)
    ADC_DMACmd                               0x08001635   Thumb Code    24  stm32f0xx_adc.o(i.ADC_DMACmd)
    ADC_DMARequestModeConfig                 0x0800164d   Thumb Code    16  stm32f0xx_adc.o(i.ADC_DMARequestModeConfig)
    ADC_DMA_Init                             0x0800165d   Thumb Code   266  bsp_adc.o(i.ADC_DMA_Init)
    ADC_DeInit                               0x0800177d   Thumb Code    28  stm32f0xx_adc.o(i.ADC_DeInit)
    ADC_GetCalibrationFactor                 0x0800179d   Thumb Code    60  stm32f0xx_adc.o(i.ADC_GetCalibrationFactor)
    ADC_GetFlagStatus                        0x080017d9   Thumb Code    48  stm32f0xx_adc.o(i.ADC_GetFlagStatus)
    ADC_Init                                 0x08001809   Thumb Code    40  stm32f0xx_adc.o(i.ADC_Init)
    ADC_OverrunModeCmd                       0x08001835   Thumb Code    28  stm32f0xx_adc.o(i.ADC_OverrunModeCmd)
    ADC_StartOfConversion                    0x08001851   Thumb Code    10  stm32f0xx_adc.o(i.ADC_StartOfConversion)
    ADC_StructInit                           0x0800185b   Thumb Code    16  stm32f0xx_adc.o(i.ADC_StructInit)
    APT_ChipRegSet                           0x0800186b   Thumb Code   170  apt8l16.o(i.APT_ChipRegSet)
    APT_EXTI_init                            0x08001915   Thumb Code   100  apt8l16.o(i.APT_EXTI_init)
    APT_I2C_init                             0x0800197d   Thumb Code    56  apt8l16.o(i.APT_I2C_init)
    APT_Init                                 0x08001b7d   Thumb Code    22  apt8l16.o(i.APT_Init)
    APT_ReadChipReg                          0x08001b93   Thumb Code    64  apt8l16.o(i.APT_ReadChipReg)
    APT_ScanTouchKey                         0x08001bd5   Thumb Code    64  apt8l16.o(i.APT_ScanTouchKey)
    APT_WriteByte                            0x08001c1d   Thumb Code    46  apt8l16.o(i.APT_WriteByte)
    APT_WriteChipReg                         0x08001c4b   Thumb Code    68  apt8l16.o(i.APT_WriteChipReg)
    APT_low_power                            0x08001c8f   Thumb Code    20  apt8l16.o(i.APT_low_power)
    AudioInitialize                          0x08001ca5   Thumb Code   134  audio.o(i.AudioInitialize)
    AudioPlay                                0x08001d35   Thumb Code   194  audio.o(i.AudioPlay)
    AudioPlay_All                            0x08001e15   Thumb Code    58  audio.o(i.AudioPlay_All)
    AudioStop                                0x08001e55   Thumb Code    36  audio.o(i.AudioStop)
    Bluetooth_Control_GPIO                   0x08001e81   Thumb Code    44  bluetooth.o(i.Bluetooth_Control_GPIO)
    Bluetooth_Exit_init                      0x08001ead   Thumb Code    88  bluetooth.o(i.Bluetooth_Exit_init)
    Bluetooth_POWER_GPIO                     0x08001f05   Thumb Code    44  bluetooth.o(i.Bluetooth_POWER_GPIO)
    Bluetooth_RSTN_GPIO                      0x08001f31   Thumb Code    44  bluetooth.o(i.Bluetooth_RSTN_GPIO)
    Bluetooth_init                           0x08001f5d   Thumb Code    46  bluetooth.o(i.Bluetooth_init)
    ClearBitMask                             0x08001f8b   Thumb Code    28  rc522_function.o(i.ClearBitMask)
    Clear_Flash                              0x08001fa9   Thumb Code    60  flash.o(i.Clear_Flash)
    Config_Key_Init                          0x08001fe9   Thumb Code   102  bsp_config.o(i.Config_Key_Init)
    DMA_Cmd                                  0x08002059   Thumb Code    24  stm32f0xx_dma.o(i.DMA_Cmd)
    DMA_DeInit                               0x08002075   Thumb Code   152  stm32f0xx_dma.o(i.DMA_DeInit)
    DMA_Init                                 0x08002115   Thumb Code    58  stm32f0xx_dma.o(i.DMA_Init)
    DMA_StructInit                           0x08002155   Thumb Code    26  stm32f0xx_dma.o(i.DMA_StructInit)
    EXTI0_1_IRQHandler                       0x0800217f   Thumb Code     2  stm32f0xx_it.o(i.EXTI0_1_IRQHandler)
    EXTI2_3_IRQHandler                       0x08002181   Thumb Code    74  stm32f0xx_it.o(i.EXTI2_3_IRQHandler)
    EXTI4_15_IRQHandler                      0x080021d9   Thumb Code    60  stm32f0xx_it.o(i.EXTI4_15_IRQHandler)
    EXTI_ClearFlag                           0x0800221d   Thumb Code     6  stm32f0xx_exti.o(i.EXTI_ClearFlag)
    EXTI_ClearITPendingBit                   0x08002229   Thumb Code     6  stm32f0xx_exti.o(i.EXTI_ClearITPendingBit)
    EXTI_GetITStatus                         0x08002235   Thumb Code    36  stm32f0xx_exti.o(i.EXTI_GetITStatus)
    EXTI_Init                                0x0800225d   Thumb Code   132  stm32f0xx_exti.o(i.EXTI_Init)
    ErroPro                                  0x080022e5   Thumb Code   120  sleep_system.o(i.ErroPro)
    FPRT_EXTI_GPIO                           0x08002371   Thumb Code   100  fingerprint.o(i.FPRT_EXTI_GPIO)
    FPRT_GPIO                                0x080023d5   Thumb Code    46  fingerprint.o(i.FPRT_GPIO)
    FPRT_Respond_Check                       0x08002405   Thumb Code   218  fingerprint.o(i.FPRT_Respond_Check)
    FingerPrint_Delete                       0x08002545   Thumb Code    72  fingerprint.o(i.FingerPrint_Delete)
    FingerPrint_api                          0x0800258d   Thumb Code   278  fingerprint.o(i.FingerPrint_api)
    Fingerprint_Compare                      0x080026a9   Thumb Code   124  fingerprint.o(i.Fingerprint_Compare)
    Fingerprint_Disable                      0x0800272d   Thumb Code    26  fingerprint.o(i.Fingerprint_Disable)
    Fingerprint_Enable                       0x08002747   Thumb Code    26  fingerprint.o(i.Fingerprint_Enable)
    Fingerprint_Enroll                       0x08002761   Thumb Code   254  fingerprint.o(i.Fingerprint_Enroll)
    Fingerprint_init                         0x08002871   Thumb Code    18  fingerprint.o(i.Fingerprint_init)
    Flash_Clear_All_Flag                     0x08002885   Thumb Code    14  flash.o(i.Flash_Clear_All_Flag)
    Flash_Earse_Page                         0x08002899   Thumb Code    54  flash.o(i.Flash_Earse_Page)
    Flash_Lock                               0x080028d5   Thumb Code    14  flash.o(i.Flash_Lock)
    Flash_Read_Page                          0x080028e9   Thumb Code    58  flash.o(i.Flash_Read_Page)
    Flash_Unlock                             0x0800292d   Thumb Code    26  flash.o(i.Flash_Unlock)
    Flash_Write_Page                         0x08002955   Thumb Code   138  flash.o(i.Flash_Write_Page)
    GPIO_Init                                0x080029e9   Thumb Code   144  stm32f0xx_gpio.o(i.GPIO_Init)
    GPIO_PinAFConfig                         0x08002a79   Thumb Code    68  stm32f0xx_gpio.o(i.GPIO_PinAFConfig)
    GPIO_ReadInputDataBit                    0x08002abd   Thumb Code    20  stm32f0xx_gpio.o(i.GPIO_ReadInputDataBit)
    GPIO_ResetBits                           0x08002ad1   Thumb Code     4  stm32f0xx_gpio.o(i.GPIO_ResetBits)
    GPIO_SetBits                             0x08002ad5   Thumb Code     4  stm32f0xx_gpio.o(i.GPIO_SetBits)
    HardFault_Handler                        0x08002ad9   Thumb Code     4  stm32f0xx_it.o(i.HardFault_Handler)
    LED_Config                               0x08002add   Thumb Code    96  bsp_led.o(i.LED_Config)
    LED_Control                              0x08002b51   Thumb Code   328  bsp_led.o(i.LED_Control)
    LED_drive                                0x08002ca9   Thumb Code    48  bsp_led.o(i.LED_drive)
    M500PcdConfigISOType                     0x08002ced   Thumb Code    84  rc522_function.o(i.M500PcdConfigISOType)
    MkTime                                   0x08002d41   Thumb Code   298  bsp_rtc.o(i.MkTime)
    Motor_GPIO_Deinit                        0x08002e7d   Thumb Code    76  motor.o(i.Motor_GPIO_Deinit)
    Motor_GPIO_Init                          0x08002ed1   Thumb Code    76  motor.o(i.Motor_GPIO_Init)
    NMI_Handler                              0x08002f25   Thumb Code     2  stm32f0xx_it.o(i.NMI_Handler)
    NVIC_Init                                0x08002f29   Thumb Code   106  stm32f0xx_misc.o(i.NVIC_Init)
    PWR_BackupAccessCmd                      0x0800302d   Thumb Code    36  stm32f0xx_pwr.o(i.PWR_BackupAccessCmd)
    PWR_EnterSTOPMode                        0x08003055   Thumb Code    60  stm32f0xx_pwr.o(i.PWR_EnterSTOPMode)
    PcdAntennaOn                             0x08003099   Thumb Code    28  rc522_function.o(i.PcdAntennaOn)
    PcdAnticoll                              0x080030b5   Thumb Code   112  rc522_function.o(i.PcdAnticoll)
    PcdComMF522                              0x08003125   Thumb Code   312  rc522_function.o(i.PcdComMF522)
    PcdRequest                               0x0800325d   Thumb Code    86  rc522_function.o(i.PcdRequest)
    PcdReset                                 0x080032b5   Thumb Code   124  rc522_function.o(i.PcdReset)
    PendSV_Handler                           0x08003335   Thumb Code     2  stm32f0xx_it.o(i.PendSV_Handler)
    RC522_GPIO_Config                        0x08003339   Thumb Code    64  rc522_config.o(i.RC522_GPIO_Config)
    RC522_Init                               0x0800337d   Thumb Code    28  rc522_config.o(i.RC522_Init)
    RC522_SPI_Config                         0x0800339d   Thumb Code   196  rc522_config.o(i.RC522_SPI_Config)
    RCC_ADCCLKConfig                         0x08003469   Thumb Code    52  stm32f0xx_rcc.o(i.RCC_ADCCLKConfig)
    RCC_AHBPeriphClockCmd                    0x080034a1   Thumb Code    28  stm32f0xx_rcc.o(i.RCC_AHBPeriphClockCmd)
    RCC_APB1PeriphClockCmd                   0x080034c1   Thumb Code    28  stm32f0xx_rcc.o(i.RCC_APB1PeriphClockCmd)
    RCC_APB2PeriphClockCmd                   0x080034e1   Thumb Code    28  stm32f0xx_rcc.o(i.RCC_APB2PeriphClockCmd)
    RCC_APB2PeriphResetCmd                   0x08003501   Thumb Code    28  stm32f0xx_rcc.o(i.RCC_APB2PeriphResetCmd)
    RCC_GetClocksFreq                        0x08003521   Thumb Code   340  stm32f0xx_rcc.o(i.RCC_GetClocksFreq)
    RCC_GetFlagStatus                        0x0800368d   Thumb Code    68  stm32f0xx_rcc.o(i.RCC_GetFlagStatus)
    RCC_GetSYSCLKSource                      0x080036d5   Thumb Code    10  stm32f0xx_rcc.o(i.RCC_GetSYSCLKSource)
    RCC_LSEConfig                            0x080036e5   Thumb Code    34  stm32f0xx_rcc.o(i.RCC_LSEConfig)
    RCC_PLLCmd                               0x0800370d   Thumb Code    36  stm32f0xx_rcc.o(i.RCC_PLLCmd)
    RCC_RTCCLKCmd                            0x08003735   Thumb Code    36  stm32f0xx_rcc.o(i.RCC_RTCCLKCmd)
    RCC_RTCCLKConfig                         0x0800375d   Thumb Code    12  stm32f0xx_rcc.o(i.RCC_RTCCLKConfig)
    RCC_SYSCLKConfig                         0x0800376d   Thumb Code    24  stm32f0xx_rcc.o(i.RCC_SYSCLKConfig)
    RFIDPro                                  0x08003789   Thumb Code   254  rfid_main.o(i.RFIDPro)
    RFIDRead                                 0x080038a1   Thumb Code    26  rfid_main.o(i.RFIDRead)
    RFIDSleep                                0x080038bd   Thumb Code    12  rc522_config.o(i.RFIDSleep)
    RFIDTouchHave                            0x080038cd   Thumb Code   142  rfid_main.o(i.RFIDTouchHave)
    RFID_Init                                0x08003985   Thumb Code    96  rfid_main.o(i.RFID_Init)
    RTC_AlarmCmd                             0x080039e5   Thumb Code   106  stm32f0xx_rtc.o(i.RTC_AlarmCmd)
    RTC_AlarmEXTI                            0x08003a55   Thumb Code   122  bsp_rtc.o(i.RTC_AlarmEXTI)
    RTC_AlarmSubSecondConfig                 0x08003ad9   Thumb Code    34  stm32f0xx_rtc.o(i.RTC_AlarmSubSecondConfig)
    RTC_ClearFlag                            0x08003b39   Thumb Code    26  stm32f0xx_rtc.o(i.RTC_ClearFlag)
    RTC_ClearITPendingBit                    0x08003b59   Thumb Code    30  stm32f0xx_rtc.o(i.RTC_ClearITPendingBit)
    RTC_Configuration                        0x08003b7d   Thumb Code    66  bsp_rtc.o(i.RTC_Configuration)
    RTC_EnterInitMode                        0x08003bc9   Thumb Code    82  stm32f0xx_rtc.o(i.RTC_EnterInitMode)
    RTC_ExitInitMode                         0x08003c21   Thumb Code    14  stm32f0xx_rtc.o(i.RTC_ExitInitMode)
    RTC_GetDate                              0x08003c35   Thumb Code    88  stm32f0xx_rtc.o(i.RTC_GetDate)
    RTC_GetITStatus                          0x08003c95   Thumb Code    72  stm32f0xx_rtc.o(i.RTC_GetITStatus)
    RTC_GetTime                              0x08003ce1   Thumb Code    84  stm32f0xx_rtc.o(i.RTC_GetTime)
    RTC_IRQHandler                           0x08003d3d   Thumb Code    30  stm32f0xx_it.o(i.RTC_IRQHandler)
    RTC_ITConfig                             0x08003d5d   Thumb Code    94  stm32f0xx_rtc.o(i.RTC_ITConfig)
    RTC_Init                                 0x08003dc1   Thumb Code    84  stm32f0xx_rtc.o(i.RTC_Init)
    RTC_Initializes                          0x08003e19   Thumb Code   120  bsp_rtc.o(i.RTC_Initializes)
    RTC_ReadBackupRegister                   0x08003ea9   Thumb Code    26  stm32f0xx_rtc.o(i.RTC_ReadBackupRegister)
    RTC_SetAlarm                             0x08003ec9   Thumb Code   210  stm32f0xx_rtc.o(i.RTC_SetAlarm)
    RTC_SetDate                              0x08003fa1   Thumb Code   198  stm32f0xx_rtc.o(i.RTC_SetDate)
    RTC_SetTime                              0x08004071   Thumb Code   208  stm32f0xx_rtc.o(i.RTC_SetTime)
    RTC_WaitForSynchro                       0x08004149   Thumb Code   104  stm32f0xx_rtc.o(i.RTC_WaitForSynchro)
    RTC_WriteBackupRegister                  0x080041b5   Thumb Code    24  stm32f0xx_rtc.o(i.RTC_WriteBackupRegister)
    ReadRawRC                                0x080041d1   Thumb Code    50  rc522_function.o(i.ReadRawRC)
    Read_flash_Data                          0x08004209   Thumb Code    98  flash.o(i.Read_flash_Data)
    Reset_Factory_To_Default                 0x08004281   Thumb Code    44  bsp_config.o(i.Reset_Factory_To_Default)
    SPI_Cmd                                  0x080042b1   Thumb Code    24  stm32f0xx_spi.o(i.SPI_Cmd)
    SPI_I2S_GetFlagStatus                    0x080042cd   Thumb Code    20  stm32f0xx_spi.o(i.SPI_I2S_GetFlagStatus)
    SPI_Init                                 0x080042e1   Thumb Code    76  stm32f0xx_spi.o(i.SPI_Init)
    SPI_RC522_ReadByte                       0x08004339   Thumb Code    10  rc522_function.o(i.SPI_RC522_ReadByte)
    SPI_RC522_SendByte                       0x08004345   Thumb Code    48  rc522_function.o(i.SPI_RC522_SendByte)
    SPI_ReceiveData8                         0x08004379   Thumb Code    12  stm32f0xx_spi.o(i.SPI_ReceiveData8)
    SPI_RxFIFOThresholdConfig                0x08004385   Thumb Code    16  stm32f0xx_spi.o(i.SPI_RxFIFOThresholdConfig)
    SPI_SendData8                            0x08004399   Thumb Code    10  stm32f0xx_spi.o(i.SPI_SendData8)
    SVC_Handler                              0x080043a3   Thumb Code     2  stm32f0xx_it.o(i.SVC_Handler)
    SYSCFG_EXTILineConfig                    0x080043a5   Thumb Code    60  stm32f0xx_syscfg.o(i.SYSCFG_EXTILineConfig)
    SYSCLKConfig_STOP                        0x080043e5   Thumb Code    38  sleep_system.o(i.SYSCLKConfig_STOP)
    SaveData_Inf                             0x0800440d   Thumb Code    98  flash.o(i.SaveData_Inf)
    SendChar                                 0x08004485   Thumb Code    30  bsp_usart1.o(i.SendChar)
    SetBitMask                               0x080044a9   Thumb Code    28  rc522_function.o(i.SetBitMask)
    SysTick_Handler                          0x0800454d   Thumb Code     2  stm32f0xx_it.o(i.SysTick_Handler)
    SysTick_Init                             0x08004551   Thumb Code    76  delay.o(i.SysTick_Init)
    SystemInit                               0x080045ad   Thumb Code   110  system_stm32f0xx.o(i.SystemInit)
    TIM14_IRQHandler                         0x08004629   Thumb Code    34  stm32f0xx_it.o(i.TIM14_IRQHandler)
    TIM2_Configuration                       0x08004655   Thumb Code    84  bsp_timbase.o(i.TIM2_Configuration)
    TIM2_IRQHandler                          0x080046ad   Thumb Code    46  stm32f0xx_it.o(i.TIM2_IRQHandler)
    TIM2_Start                               0x080046e5   Thumb Code    34  bsp_timbase.o(i.TIM2_Start)
    TIM2_Stop                                0x08004707   Thumb Code    36  bsp_timbase.o(i.TIM2_Stop)
    TIM3_Configuration                       0x0800472d   Thumb Code    88  bsp_timbase.o(i.TIM3_Configuration)
    TIM3_IRQHandler                          0x0800478d   Thumb Code    34  stm32f0xx_it.o(i.TIM3_IRQHandler)
    TIM3_Stop                                0x080047b9   Thumb Code    34  bsp_timbase.o(i.TIM3_Stop)
    TIM_ClearFlag                            0x080047e1   Thumb Code     6  stm32f0xx_tim.o(i.TIM_ClearFlag)
    TIM_ClearITPendingBit                    0x080047e7   Thumb Code     6  stm32f0xx_tim.o(i.TIM_ClearITPendingBit)
    TIM_Cmd                                  0x080047ed   Thumb Code    24  stm32f0xx_tim.o(i.TIM_Cmd)
    TIM_GetITStatus                          0x08004809   Thumb Code    38  stm32f0xx_tim.o(i.TIM_GetITStatus)
    TIM_ITConfig                             0x0800482f   Thumb Code    20  stm32f0xx_tim.o(i.TIM_ITConfig)
    TIM_TimeBaseInit                         0x08004845   Thumb Code    90  stm32f0xx_tim.o(i.TIM_TimeBaseInit)
    USART1_IRQHandler                        0x080048c1   Thumb Code   242  stm32f0xx_it.o(i.USART1_IRQHandler)
    USART2_IRQHandler                        0x080049c9   Thumb Code    52  stm32f0xx_it.o(i.USART2_IRQHandler)
    USART_ClearFlag                          0x08004a05   Thumb Code     4  stm32f0xx_usart.o(i.USART_ClearFlag)
    USART_ClearITPendingBit                  0x08004a09   Thumb Code    18  stm32f0xx_usart.o(i.USART_ClearITPendingBit)
    USART_Cmd                                0x08004a1b   Thumb Code    24  stm32f0xx_usart.o(i.USART_Cmd)
    USART_GetFlagStatus                      0x08004a33   Thumb Code    20  stm32f0xx_usart.o(i.USART_GetFlagStatus)
    USART_GetITStatus                        0x08004a47   Thumb Code    78  stm32f0xx_usart.o(i.USART_GetITStatus)
    USART_ITConfig                           0x08004a95   Thumb Code    66  stm32f0xx_usart.o(i.USART_ITConfig)
    USART_Init                               0x08004ad9   Thumb Code   234  stm32f0xx_usart.o(i.USART_Init)
    USART_ReceiveData                        0x08004bcd   Thumb Code    10  stm32f0xx_usart.o(i.USART_ReceiveData)
    USART_SendData                           0x08004bd7   Thumb Code     8  stm32f0xx_usart.o(i.USART_SendData)
    Usart1_Disable                           0x08004be1   Thumb Code    92  bsp_usart1.o(i.Usart1_Disable)
    Usart1_SendByte                          0x08004c45   Thumb Code    28  bsp_usart1.o(i.Usart1_SendByte)
    Usart1_SendString                        0x08004c65   Thumb Code    26  bsp_usart1.o(i.Usart1_SendString)
    Usart1_init                              0x08004c81   Thumb Code   174  bsp_usart1.o(i.Usart1_init)
    Usart2_Disable                           0x08004d39   Thumb Code    88  bsp_usart2.o(i.Usart2_Disable)
    Usart2_SendByte                          0x08004d99   Thumb Code    28  bsp_usart2.o(i.Usart2_SendByte)
    Usart2_init                              0x08004db9   Thumb Code   172  bsp_usart2.o(i.Usart2_init)
    WriteRawRC                               0x08004e6d   Thumb Code    48  rc522_function.o(i.WriteRawRC)
    __ARM_common_switch8                     0x08004ea1   Thumb Code    28  ble.o(i.__ARM_common_switch8)
    _get_Audio_Status                        0x08004ebd   Thumb Code     6  audio.o(i._get_Audio_Status)
    _set_APT_Touchkey_status                 0x08004ec9   Thumb Code     6  apt8l16.o(i._set_APT_Touchkey_status)
    _set_system_sleep_status                 0x08004ed5   Thumb Code     8  main.o(i._set_system_sleep_status)
    _sys_exit                                0x08004ee1   Thumb Code     4  regtarge.o(i._sys_exit)
    addBtAdmin                               0x08004ee5   Thumb Code    66  ble.o(i.addBtAdmin)
    batInitCheck                             0x08004f49   Thumb Code    84  main.o(i.batInitCheck)
    battery_check                            0x08004fa1   Thumb Code   640  bsp_adc.o(i.battery_check)
    bleAddNfcFingerPrint                     0x0800527d   Thumb Code   274  ble.o(i.bleAddNfcFingerPrint)
    bleAddSecret                             0x080053b1   Thumb Code   186  ble.o(i.bleAddSecret)
    bleDefault                               0x0800548d   Thumb Code   194  ble.o(i.bleDefault)
    bleDelSecret                             0x0800555d   Thumb Code   188  ble.o(i.bleDelSecret)
    bleGetDevice                             0x08005639   Thumb Code   168  ble.o(i.bleGetDevice)
    bleGetRuoChanPro                         0x080056fd   Thumb Code    58  ble.o(i.bleGetRuoChanPro)
    bleModifySecret                          0x08005761   Thumb Code    46  ble.o(i.bleModifySecret)
    bleOpen                                  0x0800579d   Thumb Code   416  ble.o(i.bleOpen)
    bleOperSecret                            0x08005951   Thumb Code   102  ble.o(i.bleOperSecret)
    bleOperUser                              0x080059d1   Thumb Code   102  ble.o(i.bleOperUser)
    blePro                                   0x08005a51   Thumb Code   442  ble.o(i.blePro)
    bleRegisterDevice                        0x08005c2d   Thumb Code   166  ble.o(i.bleRegisterDevice)
    btDelSecretUserInfo                      0x08005ce1   Thumb Code   224  bsp_key.o(i.btDelSecretUserInfo)
    btGetHead                                0x08005df1   Thumb Code    70  ble.o(i.btGetHead)
    btSaveFlashData                          0x08005e51   Thumb Code   366  bsp_key.o(i.btSaveFlashData)
    btSend                                   0x0800601d   Thumb Code    28  ble.o(i.btSend)
    btSendPack                               0x08006039   Thumb Code   112  ble.o(i.btSendPack)
    check_Admin_info                         0x080060ad   Thumb Code    66  information_check.o(i.check_Admin_info)
    check_System_Lock                        0x08006111   Thumb Code   102  bsp_key.o(i.check_System_Lock)
    cleanInputKey                            0x08006185   Thumb Code    32  bsp_key.o(i.cleanInputKey)
    clean_input_key_value                    0x080061ad   Thumb Code    14  information_check.o(i.clean_input_key_value)
    clear_TIM2_Count                         0x080061c5   Thumb Code     8  bsp_timbase.o(i.clear_TIM2_Count)
    clear_TIM3_Count                         0x080061d1   Thumb Code     8  bsp_timbase.o(i.clear_TIM3_Count)
    close_door                               0x080061dd   Thumb Code    30  motor.o(i.close_door)
    defaultDataPro                           0x08006201   Thumb Code    22  information_check.o(i.defaultDataPro)
    delay_us                                 0x0800621d   Thumb Code    54  delay.o(i.delay_us)
    ferror                                   0x08006259   Thumb Code     8  regtarge.o(i.ferror)
    fingerDownPro                            0x08006261   Thumb Code   114  fingerprint.o(i.fingerDownPro)
    fingerOpenPro                            0x080062dd   Thumb Code   104  fingerprint.o(i.fingerOpenPro)
    fingerPro                                0x08006351   Thumb Code    46  fingerprint.o(i.fingerPro)
    fingerSetupPro                           0x08006385   Thumb Code    82  fingerprint.o(i.fingerSetupPro)
    fputc                                    0x080063e1   Thumb Code    14  regtarge.o(i.fputc)
    getUserIsExist                           0x080063f1   Thumb Code    74  bsp_key.o(i.getUserIsExist)
    isHaveAdmin                              0x08006451   Thumb Code    32  bsp_key.o(i.isHaveAdmin)
    keySetupPro                              0x08006475   Thumb Code   206  bsp_key.o(i.keySetupPro)
    main                                     0x08006559   Thumb Code   150  main.o(i.main)
    motor_ctrl                               0x08006615   Thumb Code    90  motor.o(i.motor_ctrl)
    open_door                                0x08006675   Thumb Code   100  motor.o(i.open_door)
    save                                     0x080066f5   Thumb Code   310  bsp_key.o(i.save)
    saveAddSecret                            0x08006835   Thumb Code   264  bsp_key.o(i.saveAddSecret)
    saveAdminSecret                          0x08006951   Thumb Code   124  bsp_key.o(i.saveAdminSecret)
    sendNfcFingerPrintData                   0x080069f1   Thumb Code   264  ble.o(i.sendNfcFingerPrintData)
    sleep1Pins                               0x08006b1d   Thumb Code   170  sleep_system.o(i.sleep1Pins)
    sleepPro                                 0x08006bdd   Thumb Code   194  sleep_system.o(i.sleepPro)
    sleepSys                                 0x08006cbd   Thumb Code    16  sleep_system.o(i.sleepSys)
    sleep_ctrl                               0x08006ccd   Thumb Code   140  sleep_system.o(i.sleep_ctrl)
    soft_delay_ms                            0x08006d69   Thumb Code    24  delay.o(i.soft_delay_ms)
    timeOut                                  0x08006d81   Thumb Code    20  bsp_key.o(i.timeOut)
    time_pro                                 0x08006d9d   Thumb Code   390  bsp_timbase.o(i.time_pro)
    touchCheck                               0x08006f39   Thumb Code   640  bsp_key.o(i.touchCheck)
    touchCheckAddAdmin                       0x080071d9   Thumb Code    38  bsp_key.o(i.touchCheckAddAdmin)
    touchCheckEffi                           0x08007209   Thumb Code    60  bsp_key.o(i.touchCheckEffi)
    touchCheckIsAdmin                        0x0800724d   Thumb Code   154  bsp_key.o(i.touchCheckIsAdmin)
    touchCheckOpen                           0x080072f5   Thumb Code   156  bsp_key.o(i.touchCheckOpen)
    touchCheckPro                            0x080073a9   Thumb Code    96  bsp_key.o(i.touchCheckPro)
    touchCmp                                 0x0800741d   Thumb Code    50  bsp_key.o(i.touchCmp)
    touchPro                                 0x08007459   Thumb Code    36  bsp_key.o(i.touchPro)
    wake_up                                  0x08007481   Thumb Code    78  sleep_system.o(i.wake_up)
    __aeabi_cdcmple                          0x080074d9   Thumb Code     0  dlef.o(x$fpl$dleqf)
    _dcmple                                  0x080074d9   Thumb Code    94  dlef.o(x$fpl$dleqf)
    __aeabi_cdrcmple                         0x0800753d   Thumb Code     0  drlef.o(x$fpl$drleqf)
    _drcmple                                 0x0800753d   Thumb Code   100  drlef.o(x$fpl$drleqf)
    __I$use$fp                               0x080075a4   Number         0  usenofp.o(x$fpl$usenofp)
    Region$$Table$$Base                      0x0800768c   Number         0  anon$$obj.o(Region$$Table)
    Region$$Table$$Limit                     0x080076ac   Number         0  anon$$obj.o(Region$$Table)
    SystemCoreClock                          0x20000000   Data           4  system_stm32f0xx.o(.data)
    AHBPrescTable                            0x20000004   Data          16  system_stm32f0xx.o(.data)
    Sys_sleepflag                            0x20000024   Data           1  main.o(.data)
    PSWD_input_status                        0x20000025   Data           1  main.o(.data)
    __wake_up_flag                           0x20000026   Data           1  main.o(.data)
    __Config_flag                            0x20000027   Data           1  main.o(.data)
    __Prevent_lock_flag                      0x20000028   Data           1  main.o(.data)
    Open_Info_flag_temp                      0x20000029   Data           2  main.o(.data)
    Open_Info_Numb_temp                      0x2000002c   Data           4  main.o(.data)
    time_info_start                          0x20000030   Data           4  main.o(.data)
    time_info_end                            0x20000034   Data           4  main.o(.data)
    tempStr                                  0x20000038   Data           6  main.o(.data)
    __stdout                                 0x20000040   Data           4  regtarge.o(.data)
    __stdin                                  0x20000044   Data           4  regtarge.o(.data)
    bleFlg                                   0x20000048   Data           1  ble.o(.data)
    bleCnt                                   0x20000049   Data           1  ble.o(.data)
    bleBuff                                  0x2000004a   Data           1  ble.o(.data)
    xOrCnt                                   0x2000004b   Data           1  ble.o(.data)
    uartDataLengthContinut                   0x2000004c   Data           1  ble.o(.data)
    uartDataTemp1Length                      0x2000004e   Data           2  ble.o(.data)
    uartDataXor                              0x20000050   Data           1  ble.o(.data)
    nbPackId                                 0x20000068   Data           4  ble.o(.data)
    sleepCnt                                 0x2000006c   Data           1  ble.o(.data)
    send_cmd                                 0x2000006d   Data           1  ble.o(.data)
    B3TimeFlg                                0x2000006e   Data           1  bsp_timbase.o(.data)
    Time2MsBuff                              0x2000006f   Data           1  bsp_timbase.o(.data)
    EventFlg                                 0x20000070   Data           1  bsp_timbase.o(.data)
    Time50MsBuff                             0x20000071   Data           1  bsp_timbase.o(.data)
    Time80MsBuff                             0x20000072   Data           1  bsp_timbase.o(.data)
    Time110MsBuff                            0x20000073   Data           1  bsp_timbase.o(.data)
    Time1000MsBuff                           0x20000074   Data           1  bsp_timbase.o(.data)
    Time2000MsBuff                           0x20000075   Data           1  bsp_timbase.o(.data)
    BeepFlg                                  0x20000076   Data           1  bsp_timbase.o(.data)
    BeepDelayBuff                            0x20000077   Data           1  bsp_timbase.o(.data)
    BeepLedRunMaxBuff                        0x20000078   Data           1  bsp_timbase.o(.data)
    tim3_count_value                         0x20000079   Data           1  bsp_timbase.o(.data)
    tim2_count_value                         0x2000007a   Data           1  bsp_timbase.o(.data)
    tim14_count_value                        0x2000007b   Data           1  bsp_timbase.o(.data)
    sysFlg                                   0x2000007c   Data           1  bsp_key.o(.data)
    sysCnt                                   0x2000007d   Data           1  bsp_key.o(.data)
    sysBuff                                  0x2000007e   Data           1  bsp_key.o(.data)
    sysAddDeviceState                        0x2000007f   Data           1  bsp_key.o(.data)
    keySetupFlg                              0x20000080   Data           1  bsp_key.o(.data)
    keySetupBuff                             0x20000081   Data           1  bsp_key.o(.data)
    keySetupCnt                              0x20000082   Data           1  bsp_key.o(.data)
    touchFlg                                 0x20000083   Data           1  bsp_key.o(.data)
    touchCnt                                 0x20000084   Data           1  bsp_key.o(.data)
    touchBuff                                0x20000085   Data           2  bsp_key.o(.data)
    keyCnt                                   0x20000087   Data           1  bsp_key.o(.data)
    touchtmp                                 0x20000088   Data           2  bsp_key.o(.data)
    touchTimer                               0x2000008a   Data           1  bsp_key.o(.data)
    touchErrorTimer                          0x2000008b   Data           1  bsp_key.o(.data)
    errorTouchCnt                            0x2000008c   Data           1  bsp_key.o(.data)
    batCnt                                   0x2000008d   Data           1  bsp_key.o(.data)
    Battery_Percent                          0x20000090   Data           1  bsp_adc.o(.data)
    Battery_state                            0x20000091   Data           1  bsp_adc.o(.data)
    Battery_statebak                         0x20000092   Data           1  bsp_adc.o(.data)
    BatyLow_flag                             0x20000093   Data           1  bsp_adc.o(.data)
    ADC_Value_Buff                           0x20000094   Data           4  bsp_adc.o(.data)
    RTC_DataStructure                        0x200000b0   Data           4  bsp_rtc.o(.data)
    RTC_TimeStructure                        0x200000b4   Data           4  bsp_rtc.o(.data)
    AsynchPrediv                             0x200000b8   Data           4  bsp_rtc.o(.data)
    SynchPrediv                              0x200000bc   Data           4  bsp_rtc.o(.data)
    Time_data_CNT                            0x200000c0   Data           1  bsp_rtc.o(.data)
    sleepFlg                                 0x200000c1   Data           1  sleep_system.o(.data)
    sleepBuff                                0x200000c2   Data           1  sleep_system.o(.data)
    errorBuff                                0x200000c3   Data           1  sleep_system.o(.data)
    hallFlg                                  0x200000c4   Data           1  sleep_system.o(.data)
    permissions                              0x200000c5   Data           1  config_menu.o(.data)
    key_map_status                           0x200000c6   Data          32  apt8l16.o(.data)
    NewTHKey0                                0x200000e6   Data           1  apt8l16.o(.data)
    OldTHKey0                                0x200000e7   Data           1  apt8l16.o(.data)
    TmpTHKey0                                0x200000e8   Data           1  apt8l16.o(.data)
    RelTHKey0                                0x200000e9   Data           1  apt8l16.o(.data)
    DebounceCNT0                             0x200000ea   Data           1  apt8l16.o(.data)
    NewTHKey1                                0x200000eb   Data           1  apt8l16.o(.data)
    OldTHKey1                                0x200000ec   Data           1  apt8l16.o(.data)
    TmpTHKey1                                0x200000ed   Data           1  apt8l16.o(.data)
    RelTHKey1                                0x200000ee   Data           1  apt8l16.o(.data)
    DebounceCNT1                             0x200000ef   Data           1  apt8l16.o(.data)
    APTTouchKeyreg_value                     0x200000f0   Data           2  apt8l16.o(.data)
    APTTouchKeyLongPress_reg_value           0x200000f2   Data           2  apt8l16.o(.data)
    APT_TouchKey_pressed                     0x200000f4   Data           1  apt8l16.o(.data)
    APT_Value                                0x200000f5   Data           1  apt8l16.o(.data)
    press_key_count                          0x200000f6   Data           1  apt8l16.o(.data)
    figcntRxd                                0x200000f8   Data           1  fingerprint.o(.data)
    fingerOpenFlg                            0x200000f9   Data           1  fingerprint.o(.data)
    fingerDownFlg                            0x200000fa   Data           1  fingerprint.o(.data)
    fingerDownBuff                           0x200000fb   Data           1  fingerprint.o(.data)
    finger_id                                0x200000fc   Data           2  fingerprint.o(.data)
    errorFingerCnt                           0x200000fe   Data           1  fingerprint.o(.data)
    fingerSetupFlg                           0x200000ff   Data           1  fingerprint.o(.data)
    temp                                     0x20000100   Data           1  fingerprint.o(.data)
    RFIDCnt                                  0x20000101   Data           1  rfid_main.o(.data)
    RFIDData                                 0x20000102   Data           4  rfid_main.o(.data)
    errorRFIDCnt                             0x20000106   Data           1  rfid_main.o(.data)
    motor_state                              0x20000107   Data           1  motor.o(.data)
    Dikey_flag                               0x20000108   Data           1  audio.o(.data)
    AudioStatus                              0x20000109   Data           1  audio.o(.data)
    Audio_Stop_flag                          0x2000010a   Data           1  audio.o(.data)
    Flash_Buffer                             0x2000010b   Data        1024  flash.o(.data)
    Admin_Flag                               0x2000050b   Data           4  flash.o(.data)
    gBle                                     0x20000510   Data         205  ble.o(.bss)
    sendUartData                             0x200005dd   Data          70  ble.o(.bss)
    gBleMac                                  0x20000623   Data          14  ble.o(.bss)
    nbUserData                               0x20000631   Data          32  ble.o(.bss)
    btUserData                               0x20000651   Data          12  ble.o(.bss)
    keyNum                                   0x2000065d   Data          64  bsp_key.o(.bss)
    touchData                                0x2000069d   Data          24  bsp_key.o(.bss)
    currUser                                 0x200006b5   Data          30  bsp_key.o(.bss)
    currSecret                               0x200006d3   Data          33  bsp_key.o(.bss)
    saveTemp                                 0x200006f4   Data          64  bsp_key.o(.bss)
    RTC_InitStructure                        0x20000734   Data          12  bsp_rtc.o(.bss)
    Time_data                                0x20000740   Data          12  bsp_rtc.o(.bss)
    FingPrint_data                           0x2000074c   Data          17  fingerprint.o(.bss)
    g_finger                                 0x2000075d   Data         108  fingerprint.o(.bss)
    Rev_finger                               0x200007c9   Data          18  fingerprint.o(.bss)
    Flag_Inf                                 0x200007dc   Data          25  flash.o(.bss)
    UserInfo                                 0x200007f5   Data         800  flash.o(.bss)
    OpenInfo                                 0x20000b18   Data        1000  flash.o(.bss)
    getData                                  0x20000f00   Data          25  flash.o(.bss)
    bleUserInfo                              0x20000f19   Data         300  flash.o(.bss)
    bleSecretInfo                            0x20001045   Data         330  flash.o(.bss)
    BluetoothMac                             0x2000118f   Data          14  flash.o(.bss)
    __libspace_start                         0x200011a0   Data          96  libspace.o(.bss)
    __temporary_stack_top$libspace           0x20001200   Data           0  libspace.o(.bss)



==============================================================================

Memory Map of the image

  Image Entry point : 0x080000c1

  Load Region LR_IROM1 (Base: 0x08000000, Size: 0x00007bbc, Max: 0x00010000, ABSOLUTE, COMPRESSED[0x00007718])

    Execution Region ER_IROM1 (Base: 0x08000000, Size: 0x000076ac, Max: 0x00010000, ABSOLUTE)

    Base Addr    Size         Type   Attr      Idx    E Section Name        Object

    0x08000000   0x000000c0   Data   RO            3    RESET               startup_stm32f0xx.o
    0x080000c0   0x00000008   Code   RO         5623  * !!!main             c_p.l(__main.o)
    0x080000c8   0x0000003c   Code   RO         5830    !!!scatter          c_p.l(__scatter.o)
    0x08000104   0x0000001c   Code   RO         5832    !!handler_zi        c_p.l(__scatter_zi.o)
    0x08000120   0x00000002   Code   RO         5606    .ARM.Collect$$_printf_percent$$00000000  c_p.l(_printf_percent.o)
    0x08000122   0x0000000a   Code   RO         5605    .ARM.Collect$$_printf_percent$$00000009  c_p.l(_printf_d.o)
    0x0800012c   0x0000000a   Code   RO         5604    .ARM.Collect$$_printf_percent$$0000000C  c_p.l(_printf_x.o)
    0x08000136   0x00000004   Code   RO         5656    .ARM.Collect$$_printf_percent$$00000017  c_p.l(_printf_percent_end.o)
    0x0800013a   0x00000002   Code   RO         5701    .ARM.Collect$$libinit$$00000000  c_p.l(libinit.o)
    0x0800013c   0x00000000   Code   RO         5717    .ARM.Collect$$libinit$$00000002  c_p.l(libinit2.o)
    0x0800013c   0x00000000   Code   RO         5719    .ARM.Collect$$libinit$$00000004  c_p.l(libinit2.o)
    0x0800013c   0x00000000   Code   RO         5722    .ARM.Collect$$libinit$$0000000A  c_p.l(libinit2.o)
    0x0800013c   0x00000000   Code   RO         5724    .ARM.Collect$$libinit$$0000000C  c_p.l(libinit2.o)
    0x0800013c   0x00000000   Code   RO         5726    .ARM.Collect$$libinit$$0000000E  c_p.l(libinit2.o)
    0x0800013c   0x00000000   Code   RO         5729    .ARM.Collect$$libinit$$00000011  c_p.l(libinit2.o)
    0x0800013c   0x00000000   Code   RO         5731    .ARM.Collect$$libinit$$00000013  c_p.l(libinit2.o)
    0x0800013c   0x00000000   Code   RO         5733    .ARM.Collect$$libinit$$00000015  c_p.l(libinit2.o)
    0x0800013c   0x00000000   Code   RO         5735    .ARM.Collect$$libinit$$00000017  c_p.l(libinit2.o)
    0x0800013c   0x00000000   Code   RO         5737    .ARM.Collect$$libinit$$00000019  c_p.l(libinit2.o)
    0x0800013c   0x00000000   Code   RO         5739    .ARM.Collect$$libinit$$0000001B  c_p.l(libinit2.o)
    0x0800013c   0x00000000   Code   RO         5741    .ARM.Collect$$libinit$$0000001D  c_p.l(libinit2.o)
    0x0800013c   0x00000000   Code   RO         5743    .ARM.Collect$$libinit$$0000001F  c_p.l(libinit2.o)
    0x0800013c   0x00000000   Code   RO         5745    .ARM.Collect$$libinit$$00000021  c_p.l(libinit2.o)
    0x0800013c   0x00000000   Code   RO         5747    .ARM.Collect$$libinit$$00000023  c_p.l(libinit2.o)
    0x0800013c   0x00000000   Code   RO         5749    .ARM.Collect$$libinit$$00000025  c_p.l(libinit2.o)
    0x0800013c   0x00000000   Code   RO         5753    .ARM.Collect$$libinit$$0000002C  c_p.l(libinit2.o)
    0x0800013c   0x00000000   Code   RO         5755    .ARM.Collect$$libinit$$0000002E  c_p.l(libinit2.o)
    0x0800013c   0x00000000   Code   RO         5757    .ARM.Collect$$libinit$$00000030  c_p.l(libinit2.o)
    0x0800013c   0x00000000   Code   RO         5759    .ARM.Collect$$libinit$$00000032  c_p.l(libinit2.o)
    0x0800013c   0x00000002   Code   RO         5760    .ARM.Collect$$libinit$$00000033  c_p.l(libinit2.o)
    0x0800013e   0x00000002   Code   RO         5784    .ARM.Collect$$libshutdown$$00000000  c_p.l(libshutdown.o)
    0x08000140   0x00000000   Code   RO         5810    .ARM.Collect$$libshutdown$$00000002  c_p.l(libshutdown2.o)
    0x08000140   0x00000000   Code   RO         5812    .ARM.Collect$$libshutdown$$00000004  c_p.l(libshutdown2.o)
    0x08000140   0x00000000   Code   RO         5815    .ARM.Collect$$libshutdown$$00000007  c_p.l(libshutdown2.o)
    0x08000140   0x00000000   Code   RO         5818    .ARM.Collect$$libshutdown$$0000000A  c_p.l(libshutdown2.o)
    0x08000140   0x00000000   Code   RO         5820    .ARM.Collect$$libshutdown$$0000000C  c_p.l(libshutdown2.o)
    0x08000140   0x00000000   Code   RO         5823    .ARM.Collect$$libshutdown$$0000000F  c_p.l(libshutdown2.o)
    0x08000140   0x00000002   Code   RO         5824    .ARM.Collect$$libshutdown$$00000010  c_p.l(libshutdown2.o)
    0x08000142   0x00000000   Code   RO         5647    .ARM.Collect$$rtentry$$00000000  c_p.l(__rtentry.o)
    0x08000142   0x00000000   Code   RO         5663    .ARM.Collect$$rtentry$$00000002  c_p.l(__rtentry2.o)
    0x08000142   0x00000006   Code   RO         5675    .ARM.Collect$$rtentry$$00000004  c_p.l(__rtentry4.o)
    0x08000148   0x00000000   Code   RO         5665    .ARM.Collect$$rtentry$$00000009  c_p.l(__rtentry2.o)
    0x08000148   0x00000004   Code   RO         5666    .ARM.Collect$$rtentry$$0000000A  c_p.l(__rtentry2.o)
    0x0800014c   0x00000000   Code   RO         5668    .ARM.Collect$$rtentry$$0000000C  c_p.l(__rtentry2.o)
    0x0800014c   0x00000008   Code   RO         5669    .ARM.Collect$$rtentry$$0000000D  c_p.l(__rtentry2.o)
    0x08000154   0x00000002   Code   RO         5708    .ARM.Collect$$rtexit$$00000000  c_p.l(rtexit.o)
    0x08000156   0x00000000   Code   RO         5762    .ARM.Collect$$rtexit$$00000002  c_p.l(rtexit2.o)
    0x08000156   0x00000004   Code   RO         5763    .ARM.Collect$$rtexit$$00000003  c_p.l(rtexit2.o)
    0x0800015a   0x00000006   Code   RO         5764    .ARM.Collect$$rtexit$$00000004  c_p.l(rtexit2.o)
    0x08000160   0x00000038   Code   RO         5609    .emb_text           c_p.l(rt_memcpy.o)
    0x08000198   0x00000038   Code   RO            4    .text               startup_stm32f0xx.o
    0x080001d0   0x00000002   Code   RO         5553    .text               c_p.l(use_no_semi.o)
    0x080001d2   0x00000002   PAD
    0x080001d4   0x0000001c   Code   RO         5557    .text               c_p.l(noretval__2printf.o)
    0x080001f0   0x0000006c   Code   RO         5559    .text               c_p.l(__printf.o)
    0x0800025c   0x0000006c   Code   RO         5561    .text               c_p.l(_printf_dec.o)
    0x080002c8   0x00000058   Code   RO         5566    .text               c_p.l(_printf_hex_int.o)
    0x08000320   0x0000005a   Code   RO         5607    .text               c_p.l(memcmp.o)
    0x0800037a   0x00000082   Code   RO         5610    .text               c_p.l(rt_memcpy.o)
    0x080003fc   0x00000040   Code   RO         5615    .text               c_p.l(rt_memclr.o)
    0x0800043c   0x0000015a   Code   RO         5617    .text               c_p.l(aeabi_sdiv.o)
    0x08000596   0x00000006   Code   RO         5621    .text               c_p.l(heapauxi.o)
    0x0800059c   0x0000007c   Code   RO         5625    .text               fz_ps.l(d2f.o)
    0x08000618   0x00000358   Code   RO         5627    .text               fz_ps.l(daddsub.o)
    0x08000970   0x00000448   Code   RO         5629    .text               fz_ps.l(ddiv.o)
    0x08000db8   0x00000048   Code   RO         5632    .text               fz_ps.l(dfixui.o)
    0x08000e00   0x00000058   Code   RO         5634    .text               fz_ps.l(dflti.o)
    0x08000e58   0x00000248   Code   RO         5638    .text               fz_ps.l(dmul.o)
    0x080010a0   0x00000054   Code   RO         5642    .text               fz_ps.l(f2d.o)
    0x080010f4   0x00000160   Code   RO         5644    .text               fz_ps.l(fdiv.o)
    0x08001254   0x000000b0   Code   RO         5652    .text               c_p.l(_printf_intcommon.o)
    0x08001304   0x00000028   Code   RO         5654    .text               c_p.l(_printf_char_file.o)
    0x0800132c   0x00000028   Code   RO         5657    .text               c_p.l(rtudiv10.o)
    0x08001354   0x00000090   Code   RO         5659    .text               fz_ps.l(dcmpin.o)
    0x080013e4   0x00000030   Code   RO         5679    .text               c_p.l(_printf_char_common.o)
    0x08001414   0x0000002e   Code   RO         5681    .text               fz_ps.l(cmpret.o)
    0x08001442   0x00000002   PAD
    0x08001444   0x00000014   Code   RO         5683    .text               fz_ps.l(dnan2.o)
    0x08001458   0x0000003e   Code   RO         5685    .text               c_p.l(sys_stackheap_outer.o)
    0x08001496   0x00000010   Code   RO         5690    .text               c_p.l(exit.o)
    0x080014a6   0x0000005e   Code   RO         5702    .text               fz_ps.l(retnan.o)
    0x08001504   0x00000008   Code   RO         5704    .text               c_p.l(libspace.o)
    0x0800150c   0x00000056   Code   RO         5828    .text               c_p.l(__dczerorl2.o)
    0x08001562   0x00000008   Code   RO         4398    i.ADC1_Init         bsp_adc.o
    0x0800156a   0x00000018   Code   RO          407    i.ADC_ChannelConfig  stm32f0xx_adc.o
    0x08001582   0x00000002   PAD
    0x08001584   0x00000098   Code   RO         4399    i.ADC_Check         bsp_adc.o
    0x0800161c   0x00000018   Code   RO          410    i.ADC_Cmd           stm32f0xx_adc.o
    0x08001634   0x00000018   Code   RO          412    i.ADC_DMACmd        stm32f0xx_adc.o
    0x0800164c   0x00000010   Code   RO          413    i.ADC_DMARequestModeConfig  stm32f0xx_adc.o
    0x0800165c   0x00000120   Code   RO         4400    i.ADC_DMA_Init      bsp_adc.o
    0x0800177c   0x00000020   Code   RO          414    i.ADC_DeInit        stm32f0xx_adc.o
    0x0800179c   0x0000003c   Code   RO          416    i.ADC_GetCalibrationFactor  stm32f0xx_adc.o
    0x080017d8   0x00000030   Code   RO          418    i.ADC_GetFlagStatus  stm32f0xx_adc.o
    0x08001808   0x0000002c   Code   RO          421    i.ADC_Init          stm32f0xx_adc.o
    0x08001834   0x0000001c   Code   RO          423    i.ADC_OverrunModeCmd  stm32f0xx_adc.o
    0x08001850   0x0000000a   Code   RO          424    i.ADC_StartOfConversion  stm32f0xx_adc.o
    0x0800185a   0x00000010   Code   RO          426    i.ADC_StructInit    stm32f0xx_adc.o
    0x0800186a   0x000000aa   Code   RO         4716    i.APT_ChipRegSet    apt8l16.o
    0x08001914   0x00000068   Code   RO         4718    i.APT_EXTI_init     apt8l16.o
    0x0800197c   0x0000003c   Code   RO         4720    i.APT_I2C_init      apt8l16.o
    0x080019b8   0x00000050   Code   RO         4721    i.APT_IIC_Read8bit  apt8l16.o
    0x08001a08   0x00000050   Code   RO         4722    i.APT_IIC_SendACK   apt8l16.o
    0x08001a58   0x0000003c   Code   RO         4723    i.APT_IIC_Start     apt8l16.o
    0x08001a94   0x00000038   Code   RO         4724    i.APT_IIC_Stop      apt8l16.o
    0x08001acc   0x0000004c   Code   RO         4725    i.APT_IIC_WaitAck   apt8l16.o
    0x08001b18   0x00000064   Code   RO         4726    i.APT_IIC_Write8bit  apt8l16.o
    0x08001b7c   0x00000016   Code   RO         4727    i.APT_Init          apt8l16.o
    0x08001b92   0x00000040   Code   RO         4728    i.APT_ReadChipReg   apt8l16.o
    0x08001bd2   0x00000002   PAD
    0x08001bd4   0x00000048   Code   RO         4729    i.APT_ScanTouchKey  apt8l16.o
    0x08001c1c   0x0000002e   Code   RO         4731    i.APT_WriteByte     apt8l16.o
    0x08001c4a   0x00000044   Code   RO         4732    i.APT_WriteChipReg  apt8l16.o
    0x08001c8e   0x00000014   Code   RO         4733    i.APT_low_power     apt8l16.o
    0x08001ca2   0x00000002   PAD
    0x08001ca4   0x00000090   Code   RO         5358    i.AudioInitialize   audio.o
    0x08001d34   0x000000e0   Code   RO         5359    i.AudioPlay         audio.o
    0x08001e14   0x00000040   Code   RO         5360    i.AudioPlay_All     audio.o
    0x08001e54   0x0000002c   Code   RO         5361    i.AudioStop         audio.o
    0x08001e80   0x0000002c   Code   RO         5500    i.Bluetooth_Control_GPIO  bluetooth.o
    0x08001eac   0x00000058   Code   RO         5501    i.Bluetooth_Exit_init  bluetooth.o
    0x08001f04   0x0000002c   Code   RO         5502    i.Bluetooth_POWER_GPIO  bluetooth.o
    0x08001f30   0x0000002c   Code   RO         5503    i.Bluetooth_RSTN_GPIO  bluetooth.o
    0x08001f5c   0x0000002e   Code   RO         5504    i.Bluetooth_init    bluetooth.o
    0x08001f8a   0x0000001c   Code   RO         5068    i.ClearBitMask      rc522_function.o
    0x08001fa6   0x00000002   PAD
    0x08001fa8   0x00000040   Code   RO         5410    i.Clear_Flash       flash.o
    0x08001fe8   0x00000070   Code   RO         4552    i.Config_Key_Init   bsp_config.o
    0x08002058   0x0000001c   Code   RO         1022    i.DMA_Cmd           stm32f0xx_dma.o
    0x08002074   0x000000a0   Code   RO         1023    i.DMA_DeInit        stm32f0xx_dma.o
    0x08002114   0x00000040   Code   RO         1028    i.DMA_Init          stm32f0xx_dma.o
    0x08002154   0x0000001a   Code   RO         1030    i.DMA_StructInit    stm32f0xx_dma.o
    0x0800216e   0x00000010   Code   RO         4734    i.DelayMs           apt8l16.o
    0x0800217e   0x00000002   Code   RO          147    i.EXTI0_1_IRQHandler  stm32f0xx_it.o
    0x08002180   0x00000058   Code   RO          148    i.EXTI2_3_IRQHandler  stm32f0xx_it.o
    0x080021d8   0x00000044   Code   RO          149    i.EXTI4_15_IRQHandler  stm32f0xx_it.o
    0x0800221c   0x0000000c   Code   RO         1099    i.EXTI_ClearFlag    stm32f0xx_exti.o
    0x08002228   0x0000000c   Code   RO         1100    i.EXTI_ClearITPendingBit  stm32f0xx_exti.o
    0x08002234   0x00000028   Code   RO         1104    i.EXTI_GetITStatus  stm32f0xx_exti.o
    0x0800225c   0x00000088   Code   RO         1105    i.EXTI_Init         stm32f0xx_exti.o
    0x080022e4   0x0000008c   Code   RO         4623    i.ErroPro           sleep_system.o
    0x08002370   0x00000064   Code   RO         4905    i.FPRT_EXTI_GPIO    fingerprint.o
    0x080023d4   0x0000002e   Code   RO         4906    i.FPRT_GPIO         fingerprint.o
    0x08002402   0x00000002   PAD
    0x08002404   0x000000e0   Code   RO         4907    i.FPRT_Respond_Check  fingerprint.o
    0x080024e4   0x00000060   Code   RO         4908    i.FPRT_Respond_Clean  fingerprint.o
    0x08002544   0x00000048   Code   RO         4909    i.FingerPrint_Delete  fingerprint.o
    0x0800258c   0x0000011c   Code   RO         4910    i.FingerPrint_api   fingerprint.o
    0x080026a8   0x00000084   Code   RO         4911    i.Fingerprint_Compare  fingerprint.o
    0x0800272c   0x0000001a   Code   RO         4912    i.Fingerprint_Disable  fingerprint.o
    0x08002746   0x0000001a   Code   RO         4913    i.Fingerprint_Enable  fingerprint.o
    0x08002760   0x00000110   Code   RO         4914    i.Fingerprint_Enroll  fingerprint.o
    0x08002870   0x00000012   Code   RO         4915    i.Fingerprint_init  fingerprint.o
    0x08002882   0x00000002   PAD
    0x08002884   0x00000014   Code   RO         5411    i.Flash_Clear_All_Flag  flash.o
    0x08002898   0x0000003c   Code   RO         5412    i.Flash_Earse_Page  flash.o
    0x080028d4   0x00000014   Code   RO         5414    i.Flash_Lock        flash.o
    0x080028e8   0x00000044   Code   RO         5416    i.Flash_Read_Page   flash.o
    0x0800292c   0x00000028   Code   RO         5417    i.Flash_Unlock      flash.o
    0x08002954   0x00000094   Code   RO         5419    i.Flash_Write_Page  flash.o
    0x080029e8   0x00000090   Code   RO         1348    i.GPIO_Init         stm32f0xx_gpio.o
    0x08002a78   0x00000044   Code   RO         1349    i.GPIO_PinAFConfig  stm32f0xx_gpio.o
    0x08002abc   0x00000014   Code   RO         1352    i.GPIO_ReadInputDataBit  stm32f0xx_gpio.o
    0x08002ad0   0x00000004   Code   RO         1355    i.GPIO_ResetBits    stm32f0xx_gpio.o
    0x08002ad4   0x00000004   Code   RO         1356    i.GPIO_SetBits      stm32f0xx_gpio.o
    0x08002ad8   0x00000004   Code   RO          150    i.HardFault_Handler  stm32f0xx_it.o
    0x08002adc   0x00000074   Code   RO         4509    i.LED_Config        bsp_led.o
    0x08002b50   0x00000158   Code   RO         4510    i.LED_Control       bsp_led.o
    0x08002ca8   0x00000044   Code   RO         4512    i.LED_drive         bsp_led.o
    0x08002cec   0x00000054   Code   RO         5070    i.M500PcdConfigISOType  rc522_function.o
    0x08002d40   0x0000013c   Code   RO         4442    i.MkTime            bsp_rtc.o
    0x08002e7c   0x00000054   Code   RO         5311    i.Motor_GPIO_Deinit  motor.o
    0x08002ed0   0x00000054   Code   RO         5312    i.Motor_GPIO_Init   motor.o
    0x08002f24   0x00000002   Code   RO          151    i.NMI_Handler       stm32f0xx_it.o
    0x08002f26   0x00000002   PAD
    0x08002f28   0x00000070   Code   RO         1755    i.NVIC_Init         stm32f0xx_misc.o
    0x08002f98   0x00000078   Code   RO         3734    i.NVIC_SetPriority  delay.o
    0x08003010   0x0000001c   Code   RO         4554    i.NVIC_SystemReset  bsp_config.o
    0x0800302c   0x00000028   Code   RO         1786    i.PWR_BackupAccessCmd  stm32f0xx_pwr.o
    0x08003054   0x00000044   Code   RO         1790    i.PWR_EnterSTOPMode  stm32f0xx_pwr.o
    0x08003098   0x0000001c   Code   RO         5072    i.PcdAntennaOn      rc522_function.o
    0x080030b4   0x00000070   Code   RO         5073    i.PcdAnticoll       rc522_function.o
    0x08003124   0x00000138   Code   RO         5075    i.PcdComMF522       rc522_function.o
    0x0800325c   0x00000056   Code   RO         5078    i.PcdRequest        rc522_function.o
    0x080032b2   0x00000002   PAD
    0x080032b4   0x00000080   Code   RO         5079    i.PcdReset          rc522_function.o
    0x08003334   0x00000002   Code   RO          152    i.PendSV_Handler    stm32f0xx_it.o
    0x08003336   0x00000002   PAD
    0x08003338   0x00000044   Code   RO         5030    i.RC522_GPIO_Config  rc522_config.o
    0x0800337c   0x00000020   Code   RO         5031    i.RC522_Init        rc522_config.o
    0x0800339c   0x000000cc   Code   RO         5032    i.RC522_SPI_Config  rc522_config.o
    0x08003468   0x00000038   Code   RO         1856    i.RCC_ADCCLKConfig  stm32f0xx_rcc.o
    0x080034a0   0x00000020   Code   RO         1857    i.RCC_AHBPeriphClockCmd  stm32f0xx_rcc.o
    0x080034c0   0x00000020   Code   RO         1859    i.RCC_APB1PeriphClockCmd  stm32f0xx_rcc.o
    0x080034e0   0x00000020   Code   RO         1861    i.RCC_APB2PeriphClockCmd  stm32f0xx_rcc.o
    0x08003500   0x00000020   Code   RO         1862    i.RCC_APB2PeriphResetCmd  stm32f0xx_rcc.o
    0x08003520   0x0000016c   Code   RO         1871    i.RCC_GetClocksFreq  stm32f0xx_rcc.o
    0x0800368c   0x00000048   Code   RO         1872    i.RCC_GetFlagStatus  stm32f0xx_rcc.o
    0x080036d4   0x00000010   Code   RO         1874    i.RCC_GetSYSCLKSource  stm32f0xx_rcc.o
    0x080036e4   0x00000028   Code   RO         1882    i.RCC_LSEConfig     stm32f0xx_rcc.o
    0x0800370c   0x00000028   Code   RO         1887    i.RCC_PLLCmd        stm32f0xx_rcc.o
    0x08003734   0x00000028   Code   RO         1890    i.RCC_RTCCLKCmd     stm32f0xx_rcc.o
    0x0800375c   0x00000010   Code   RO         1891    i.RCC_RTCCLKConfig  stm32f0xx_rcc.o
    0x0800376c   0x0000001c   Code   RO         1892    i.RCC_SYSCLKConfig  stm32f0xx_rcc.o
    0x08003788   0x00000118   Code   RO         5204    i.RFIDPro           rfid_main.o
    0x080038a0   0x0000001a   Code   RO         5205    i.RFIDRead          rfid_main.o
    0x080038ba   0x00000002   PAD
    0x080038bc   0x00000010   Code   RO         5033    i.RFIDSleep         rc522_config.o
    0x080038cc   0x000000b8   Code   RO         5206    i.RFIDTouchHave     rfid_main.o
    0x08003984   0x00000060   Code   RO         5209    i.RFID_Init         rfid_main.o
    0x080039e4   0x00000070   Code   RO         2105    i.RTC_AlarmCmd      stm32f0xx_rtc.o
    0x08003a54   0x00000084   Code   RO         4443    i.RTC_AlarmEXTI     bsp_rtc.o
    0x08003ad8   0x00000028   Code   RO         2107    i.RTC_AlarmSubSecondConfig  stm32f0xx_rtc.o
    0x08003b00   0x0000001a   Code   RO         2108    i.RTC_Bcd2ToByte    stm32f0xx_rtc.o
    0x08003b1a   0x0000001c   Code   RO         2110    i.RTC_ByteToBcd2    stm32f0xx_rtc.o
    0x08003b36   0x00000002   PAD
    0x08003b38   0x00000020   Code   RO         2113    i.RTC_ClearFlag     stm32f0xx_rtc.o
    0x08003b58   0x00000024   Code   RO         2114    i.RTC_ClearITPendingBit  stm32f0xx_rtc.o
    0x08003b7c   0x0000004c   Code   RO         4444    i.RTC_Configuration  bsp_rtc.o
    0x08003bc8   0x00000058   Code   RO         2118    i.RTC_EnterInitMode  stm32f0xx_rtc.o
    0x08003c20   0x00000014   Code   RO         2119    i.RTC_ExitInitMode  stm32f0xx_rtc.o
    0x08003c34   0x00000060   Code   RO         2122    i.RTC_GetDate       stm32f0xx_rtc.o
    0x08003c94   0x0000004c   Code   RO         2124    i.RTC_GetITStatus   stm32f0xx_rtc.o
    0x08003ce0   0x0000005c   Code   RO         2127    i.RTC_GetTime       stm32f0xx_rtc.o
    0x08003d3c   0x0000001e   Code   RO          153    i.RTC_IRQHandler    stm32f0xx_it.o
    0x08003d5a   0x00000002   PAD
    0x08003d5c   0x00000064   Code   RO         2130    i.RTC_ITConfig      stm32f0xx_rtc.o
    0x08003dc0   0x00000058   Code   RO         2131    i.RTC_Init          stm32f0xx_rtc.o
    0x08003e18   0x00000090   Code   RO         4445    i.RTC_Initializes   bsp_rtc.o
    0x08003ea8   0x00000020   Code   RO         2134    i.RTC_ReadBackupRegister  stm32f0xx_rtc.o
    0x08003ec8   0x000000d8   Code   RO         2136    i.RTC_SetAlarm      stm32f0xx_rtc.o
    0x08003fa0   0x000000d0   Code   RO         2137    i.RTC_SetDate       stm32f0xx_rtc.o
    0x08004070   0x000000d8   Code   RO         2138    i.RTC_SetTime       stm32f0xx_rtc.o
    0x08004148   0x0000006c   Code   RO         2151    i.RTC_WaitForSynchro  stm32f0xx_rtc.o
    0x080041b4   0x0000001c   Code   RO         2152    i.RTC_WriteBackupRegister  stm32f0xx_rtc.o
    0x080041d0   0x00000038   Code   RO         5082    i.ReadRawRC         rc522_function.o
    0x08004208   0x00000078   Code   RO         5420    i.Read_flash_Data   flash.o
    0x08004280   0x00000030   Code   RO         4555    i.Reset_Factory_To_Default  bsp_config.o
    0x080042b0   0x0000001c   Code   RO         2416    i.SPI_Cmd           stm32f0xx_spi.o
    0x080042cc   0x00000014   Code   RO         2425    i.SPI_I2S_GetFlagStatus  stm32f0xx_spi.o
    0x080042e0   0x00000058   Code   RO         2430    i.SPI_Init          stm32f0xx_spi.o
    0x08004338   0x0000000a   Code   RO         5083    i.SPI_RC522_ReadByte  rc522_function.o
    0x08004342   0x00000002   PAD
    0x08004344   0x00000034   Code   RO         5084    i.SPI_RC522_SendByte  rc522_function.o
    0x08004378   0x0000000c   Code   RO         2434    i.SPI_ReceiveData8  stm32f0xx_spi.o
    0x08004384   0x00000014   Code   RO         2435    i.SPI_RxFIFOThresholdConfig  stm32f0xx_spi.o
    0x08004398   0x0000000a   Code   RO         2437    i.SPI_SendData8     stm32f0xx_spi.o
    0x080043a2   0x00000002   Code   RO          154    i.SVC_Handler       stm32f0xx_it.o
    0x080043a4   0x00000040   Code   RO         2613    i.SYSCFG_EXTILineConfig  stm32f0xx_syscfg.o
    0x080043e4   0x00000026   Code   RO         4624    i.SYSCLKConfig_STOP  sleep_system.o
    0x0800440a   0x00000002   PAD
    0x0800440c   0x00000078   Code   RO         5421    i.SaveData_Inf      flash.o
    0x08004484   0x00000024   Code   RO         3997    i.SendChar          bsp_usart1.o
    0x080044a8   0x0000001c   Code   RO         5085    i.SetBitMask        rc522_function.o
    0x080044c4   0x00000088   Code   RO          369    i.SetSysClock       system_stm32f0xx.o
    0x0800454c   0x00000002   Code   RO          155    i.SysTick_Handler   stm32f0xx_it.o
    0x0800454e   0x00000002   PAD
    0x08004550   0x0000005c   Code   RO         3735    i.SysTick_Init      delay.o
    0x080045ac   0x0000007c   Code   RO          371    i.SystemInit        system_stm32f0xx.o
    0x08004628   0x0000002c   Code   RO          156    i.TIM14_IRQHandler  stm32f0xx_it.o
    0x08004654   0x00000058   Code   RO         4060    i.TIM2_Configuration  bsp_timbase.o
    0x080046ac   0x00000038   Code   RO          157    i.TIM2_IRQHandler   stm32f0xx_it.o
    0x080046e4   0x00000022   Code   RO         4061    i.TIM2_Start        bsp_timbase.o
    0x08004706   0x00000024   Code   RO         4062    i.TIM2_Stop         bsp_timbase.o
    0x0800472a   0x00000002   PAD
    0x0800472c   0x00000060   Code   RO         4063    i.TIM3_Configuration  bsp_timbase.o
    0x0800478c   0x0000002c   Code   RO          158    i.TIM3_IRQHandler   stm32f0xx_it.o
    0x080047b8   0x00000028   Code   RO         4065    i.TIM3_Stop         bsp_timbase.o
    0x080047e0   0x00000006   Code   RO         2677    i.TIM_ClearFlag     stm32f0xx_tim.o
    0x080047e6   0x00000006   Code   RO         2678    i.TIM_ClearITPendingBit  stm32f0xx_tim.o
    0x080047ec   0x0000001c   Code   RO         2683    i.TIM_Cmd           stm32f0xx_tim.o
    0x08004808   0x00000026   Code   RO         2704    i.TIM_GetITStatus   stm32f0xx_tim.o
    0x0800482e   0x00000014   Code   RO         2708    i.TIM_ITConfig      stm32f0xx_tim.o
    0x08004842   0x00000002   PAD
    0x08004844   0x0000007c   Code   RO         2756    i.TIM_TimeBaseInit  stm32f0xx_tim.o
    0x080048c0   0x00000108   Code   RO          159    i.USART1_IRQHandler  stm32f0xx_it.o
    0x080049c8   0x0000003c   Code   RO          160    i.USART2_IRQHandler  stm32f0xx_it.o
    0x08004a04   0x00000004   Code   RO         3238    i.USART_ClearFlag   stm32f0xx_usart.o
    0x08004a08   0x00000012   Code   RO         3239    i.USART_ClearITPendingBit  stm32f0xx_usart.o
    0x08004a1a   0x00000018   Code   RO         3242    i.USART_Cmd         stm32f0xx_usart.o
    0x08004a32   0x00000014   Code   RO         3250    i.USART_GetFlagStatus  stm32f0xx_usart.o
    0x08004a46   0x0000004e   Code   RO         3251    i.USART_GetITStatus  stm32f0xx_usart.o
    0x08004a94   0x00000042   Code   RO         3253    i.USART_ITConfig    stm32f0xx_usart.o
    0x08004ad6   0x00000002   PAD
    0x08004ad8   0x000000f4   Code   RO         3254    i.USART_Init        stm32f0xx_usart.o
    0x08004bcc   0x0000000a   Code   RO         3266    i.USART_ReceiveData  stm32f0xx_usart.o
    0x08004bd6   0x00000008   Code   RO         3271    i.USART_SendData    stm32f0xx_usart.o
    0x08004bde   0x00000002   PAD
    0x08004be0   0x00000064   Code   RO         3999    i.Usart1_Disable    bsp_usart1.o
    0x08004c44   0x00000020   Code   RO         4000    i.Usart1_SendByte   bsp_usart1.o
    0x08004c64   0x0000001a   Code   RO         4001    i.Usart1_SendString  bsp_usart1.o
    0x08004c7e   0x00000002   PAD
    0x08004c80   0x000000b8   Code   RO         4003    i.Usart1_init       bsp_usart1.o
    0x08004d38   0x00000060   Code   RO         3949    i.Usart2_Disable    bsp_usart2.o
    0x08004d98   0x00000020   Code   RO         3950    i.Usart2_SendByte   bsp_usart2.o
    0x08004db8   0x000000b4   Code   RO         3952    i.Usart2_init       bsp_usart2.o
    0x08004e6c   0x00000034   Code   RO         5086    i.WriteRawRC        rc522_function.o
    0x08004ea0   0x0000001c   Code   RO         3937    i.__ARM_common_switch8  ble.o
    0x08004ebc   0x0000000c   Code   RO         5363    i._get_Audio_Status  audio.o
    0x08004ec8   0x0000000c   Code   RO         4741    i._set_APT_Touchkey_status  apt8l16.o
    0x08004ed4   0x0000000c   Code   RO         3611    i._set_system_sleep_status  main.o
    0x08004ee0   0x00000004   Code   RO         3684    i._sys_exit         regtarge.o
    0x08004ee4   0x00000064   Code   RO         3783    i.addBtAdmin        ble.o
    0x08004f48   0x00000058   Code   RO         3612    i.batInitCheck      main.o
    0x08004fa0   0x000002dc   Code   RO         4401    i.battery_check     bsp_adc.o
    0x0800527c   0x00000134   Code   RO         3785    i.bleAddNfcFingerPrint  ble.o
    0x080053b0   0x000000dc   Code   RO         3786    i.bleAddSecret      ble.o
    0x0800548c   0x000000d0   Code   RO         3787    i.bleDefault        ble.o
    0x0800555c   0x000000dc   Code   RO         3788    i.bleDelSecret      ble.o
    0x08005638   0x000000c4   Code   RO         3789    i.bleGetDevice      ble.o
    0x080056fc   0x00000064   Code   RO         3790    i.bleGetRuoChanPro  ble.o
    0x08005760   0x0000003c   Code   RO         3792    i.bleModifySecret   ble.o
    0x0800579c   0x000001b4   Code   RO         3793    i.bleOpen           ble.o
    0x08005950   0x00000080   Code   RO         3794    i.bleOperSecret     ble.o
    0x080059d0   0x00000080   Code   RO         3795    i.bleOperUser       ble.o
    0x08005a50   0x000001dc   Code   RO         3796    i.blePro            ble.o
    0x08005c2c   0x000000b4   Code   RO         3798    i.bleRegisterDevice  ble.o
    0x08005ce0   0x00000110   Code   RO         4170    i.btDelSecretUserInfo  bsp_key.o
    0x08005df0   0x00000060   Code   RO         3799    i.btGetHead         ble.o
    0x08005e50   0x000001cc   Code   RO         4171    i.btSaveFlashData   bsp_key.o
    0x0800601c   0x0000001c   Code   RO         3800    i.btSend            ble.o
    0x08006038   0x00000074   Code   RO         3801    i.btSendPack        ble.o
    0x080060ac   0x00000064   Code   RO         4591    i.check_Admin_info  information_check.o
    0x08006110   0x00000074   Code   RO         4172    i.check_System_Lock  bsp_key.o
    0x08006184   0x00000028   Code   RO         4173    i.cleanInputKey     bsp_key.o
    0x080061ac   0x00000018   Code   RO         4592    i.clean_input_key_value  information_check.o
    0x080061c4   0x0000000c   Code   RO         4067    i.clear_TIM2_Count  bsp_timbase.o
    0x080061d0   0x0000000c   Code   RO         4068    i.clear_TIM3_Count  bsp_timbase.o
    0x080061dc   0x00000024   Code   RO         5313    i.close_door        motor.o
    0x08006200   0x0000001c   Code   RO         4593    i.defaultDataPro    information_check.o
    0x0800621c   0x0000003c   Code   RO         3737    i.delay_us          delay.o
    0x08006258   0x00000008   Code   RO         3686    i.ferror            regtarge.o
    0x08006260   0x0000007c   Code   RO         4916    i.fingerDownPro     fingerprint.o
    0x080062dc   0x00000074   Code   RO         4918    i.fingerOpenPro     fingerprint.o
    0x08006350   0x00000034   Code   RO         4919    i.fingerPro         fingerprint.o
    0x08006384   0x0000005c   Code   RO         4922    i.fingerSetupPro    fingerprint.o
    0x080063e0   0x0000000e   Code   RO         3688    i.fputc             regtarge.o
    0x080063ee   0x00000002   PAD
    0x080063f0   0x00000050   Code   RO         4176    i.getUserIsExist    bsp_key.o
    0x08006440   0x0000000e   Code   RO         4742    i.i2c_Delay         apt8l16.o
    0x0800644e   0x00000002   PAD
    0x08006450   0x00000024   Code   RO         4177    i.isHaveAdmin       bsp_key.o
    0x08006474   0x000000e4   Code   RO         4178    i.keySetupPro       bsp_key.o
    0x08006558   0x000000bc   Code   RO         3613    i.main              main.o
    0x08006614   0x00000060   Code   RO         5314    i.motor_ctrl        motor.o
    0x08006674   0x00000080   Code   RO         5315    i.open_door         motor.o
    0x080066f4   0x00000140   Code   RO         4183    i.save              bsp_key.o
    0x08006834   0x0000011c   Code   RO         4184    i.saveAddSecret     bsp_key.o
    0x08006950   0x000000a0   Code   RO         4186    i.saveAdminSecret   bsp_key.o
    0x080069f0   0x0000012c   Code   RO         3805    i.sendNfcFingerPrintData  ble.o
    0x08006b1c   0x000000c0   Code   RO         4626    i.sleep1Pins        sleep_system.o
    0x08006bdc   0x000000e0   Code   RO         4628    i.sleepPro          sleep_system.o
    0x08006cbc   0x00000010   Code   RO         4629    i.sleepSys          sleep_system.o
    0x08006ccc   0x0000009c   Code   RO         4630    i.sleep_ctrl        sleep_system.o
    0x08006d68   0x00000018   Code   RO         3738    i.soft_delay_ms     delay.o
    0x08006d80   0x0000001c   Code   RO         4195    i.timeOut           bsp_key.o
    0x08006d9c   0x0000019c   Code   RO         4072    i.time_pro          bsp_timbase.o
    0x08006f38   0x000002a0   Code   RO         4196    i.touchCheck        bsp_key.o
    0x080071d8   0x00000030   Code   RO         4197    i.touchCheckAddAdmin  bsp_key.o
    0x08007208   0x00000044   Code   RO         4198    i.touchCheckEffi    bsp_key.o
    0x0800724c   0x000000a8   Code   RO         4199    i.touchCheckIsAdmin  bsp_key.o
    0x080072f4   0x000000b4   Code   RO         4200    i.touchCheckOpen    bsp_key.o
    0x080073a8   0x00000074   Code   RO         4201    i.touchCheckPro     bsp_key.o
    0x0800741c   0x0000003c   Code   RO         4202    i.touchCmp          bsp_key.o
    0x08007458   0x00000028   Code   RO         4203    i.touchPro          bsp_key.o
    0x08007480   0x00000058   Code   RO         4632    i.wake_up           sleep_system.o
    0x080074d8   0x00000064   Code   RO         5636    x$fpl$dleqf         fz_ps.l(dlef.o)
    0x0800753c   0x00000068   Code   RO         5640    x$fpl$drleqf        fz_ps.l(drlef.o)
    0x080075a4   0x00000000   Code   RO         5661    x$fpl$usenofp       fz_ps.l(usenofp.o)
    0x080075a4   0x00000028   Data   RO         5567    .constdata          c_p.l(_printf_hex_int.o)
    0x080075cc   0x00000080   Data   RO         5630    .constdata          fz_ps.l(ddiv.o)
    0x0800764c   0x00000040   Data   RO         5645    .constdata          fz_ps.l(fdiv.o)
    0x0800768c   0x00000020   Data   RO         5826    Region$$Table       anon$$obj.o


    Execution Region RW_IRAM1 (Base: 0x20000000, Size: 0x00001800, Max: 0x00002000, ABSOLUTE, COMPRESSED[0x0000006c])

    Base Addr    Size         Type   Attr      Idx    E Section Name        Object

    0x20000000   0x00000014   Data   RW          372    .data               system_stm32f0xx.o
    0x20000014   0x00000010   Data   RW         1895    .data               stm32f0xx_rcc.o
    0x20000024   0x0000001a   Data   RW         3614    .data               main.o
    0x2000003e   0x00000002   PAD
    0x20000040   0x00000008   Data   RW         3689    .data               regtarge.o
    0x20000048   0x00000026   Data   RW         3808    .data               ble.o
    0x2000006e   0x0000000e   Data   RW         4073    .data               bsp_timbase.o
    0x2000007c   0x00000012   Data   RW         4206    .data               bsp_key.o
    0x2000008e   0x00000002   PAD
    0x20000090   0x00000008   Data   RW         4402    .data               bsp_adc.o
    0x20000098   0x00000029   Data   RW         4448    .data               bsp_rtc.o
    0x200000c1   0x00000004   Data   RW         4633    .data               sleep_system.o
    0x200000c5   0x00000001   Data   RW         4700    .data               config_menu.o
    0x200000c6   0x00000031   Data   RW         4746    .data               apt8l16.o
    0x200000f7   0x00000001   PAD
    0x200000f8   0x00000009   Data   RW         4924    .data               fingerprint.o
    0x20000101   0x00000006   Data   RW         5212    .data               rfid_main.o
    0x20000107   0x00000001   Data   RW         5316    .data               motor.o
    0x20000108   0x00000003   Data   RW         5364    .data               audio.o
    0x2000010b   0x00000404   Data   RW         5423    .data               flash.o
    0x2000050f   0x00000001   PAD
    0x20000510   0x0000014d   Zero   RW         3806    .bss                ble.o
    0x2000065d   0x000000d7   Zero   RW         4204    .bss                bsp_key.o
    0x20000734   0x00000018   Zero   RW         4447    .bss                bsp_rtc.o
    0x2000074c   0x0000008f   Zero   RW         4923    .bss                fingerprint.o
    0x200007db   0x00000001   PAD
    0x200007dc   0x000009c1   Zero   RW         5422    .bss                flash.o
    0x2000119d   0x00000003   PAD
    0x200011a0   0x00000060   Zero   RW         5705    .bss                c_p.l(libspace.o)
    0x20001200   0x00000200   Zero   RW            2    HEAP                startup_stm32f0xx.o
    0x20001400   0x00000400   Zero   RW            1    STACK               startup_stm32f0xx.o


==============================================================================

Image component sizes


      Code (inc. data)   RO Data    RW Data    ZI Data      Debug   Object Name

      1120         50          0         49          0       9732   apt8l16.o
       488         60          0          3          0       4711   audio.o
      3328        440          0         38        333      11072   ble.o
       266          0          0          0          0       2441   bluetooth.o
      1180        118          0          8          0       3116   bsp_adc.o
       188         24          0          0          0       7073   bsp_config.o
      3376        392          0         18        215      14926   bsp_key.o
       528         84          0          0          0       1503   bsp_led.o
       668         62          0         41         24       3156   bsp_rtc.o
       730         48          0         14          0       4483   bsp_timbase.o
       378         28          0          0          0       2928   bsp_usart1.o
       308         20          0          0          0       1573   bsp_usart2.o
         0          0          0          1          0        510   config_menu.o
       296         32          0          0          0       7858   delay.o
      1680        108          0          9        143      10804   fingerprint.o
       660        100          0       1028       2497       6929   flash.o
       152         50          0          0          0       1368   information_check.o
       288         46          0         26          0       2427   main.o
       428         56          0          1          0       2454   motor.o
       320         20          0          0          0       1916   rc522_config.o
       976         18          0          0          0       7369   rc522_function.o
        26          0          0          8          0       3007   regtarge.o
       586         68          0          6          0       5450   rfid_main.o
       854         98          0          4          0       3611   sleep_system.o
        56         26        192          0       1536        736   startup_stm32f0xx.o
         0          0          0          0          0     148568   stm32f0_discovery.o
       326          8          0          0          0      25483   stm32f0xx_adc.o
       278         18          0          0          0       8783   stm32f0xx_dma.o
       200         20          0          0          0       5377   stm32f0xx_exti.o
       240          0          0          0          0       8187   stm32f0xx_gpio.o
       668         82          0          0          0     103767   stm32f0xx_it.o
       112          6          0          0          0       2116   stm32f0xx_misc.o
       108         12          0          0          0       1222   stm32f0xx_pwr.o
       800         76          0         16          0      19155   stm32f0xx_rcc.o
      1642        104          0          0          0      25840   stm32f0xx_rtc.o
       178         20          0          0          0      13184   stm32f0xx_spi.o
        64          4          0          0          0        660   stm32f0xx_syscfg.o
       222         38          0          0          0      24366   stm32f0xx_tim.o
       472         10          0          0          0      16497   stm32f0xx_usart.o
       260         24          0         20          0       1657   system_stm32f0xx.o

    ----------------------------------------------------------------------
     24494       2370        224       1296       4752     526015   Object Totals
         0          0         32          0          0          0   (incl. Generated)
        44          0          0          6          4          0   (incl. Padding)

    ----------------------------------------------------------------------

      Code (inc. data)   RO Data    RW Data    ZI Data      Debug   Library Member Name

        86          0          0          0          0          0   __dczerorl2.o
         8          0          0          0          0         68   __main.o
       108          0          0          0          0         76   __printf.o
         0          0          0          0          0          0   __rtentry.o
        12          0          0          0          0          0   __rtentry2.o
         6          0          0          0          0          0   __rtentry4.o
        60          8          0          0          0          0   __scatter.o
        28          0          0          0          0          0   __scatter_zi.o
        48          6          0          0          0         88   _printf_char_common.o
        40          6          0          0          0         72   _printf_char_file.o
        10          0          0          0          0          0   _printf_d.o
       108         18          0          0          0         76   _printf_dec.o
        88          4         40          0          0         72   _printf_hex_int.o
       176          0          0          0          0         84   _printf_intcommon.o
         2          0          0          0          0          0   _printf_percent.o
         4          0          0          0          0          0   _printf_percent_end.o
        10          0          0          0          0          0   _printf_x.o
       346          0          0          0          0         92   aeabi_sdiv.o
        16          0          0          0          0         68   exit.o
         6          0          0          0          0        136   heapauxi.o
         2          0          0          0          0          0   libinit.o
         2          0          0          0          0          0   libinit2.o
         2          0          0          0          0          0   libshutdown.o
         2          0          0          0          0          0   libshutdown2.o
         8          4          0          0         96         68   libspace.o
        90          0          0          0          0         68   memcmp.o
        28          6          0          0          0         84   noretval__2printf.o
        64          0          0          0          0        108   rt_memclr.o
       186          0          0          0          0        144   rt_memcpy.o
         2          0          0          0          0          0   rtexit.o
        10          0          0          0          0          0   rtexit2.o
        40          0          0          0          0         60   rtudiv10.o
        62          0          0          0          0         80   sys_stackheap_outer.o
         2          0          0          0          0         68   use_no_semi.o
        46          0          0          0          0         60   cmpret.o
       124          4          0          0          0         72   d2f.o
       856         20          0          0          0        208   daddsub.o
       144          4          0          0          0         76   dcmpin.o
      1096         26        128          0          0        112   ddiv.o
        72          4          0          0          0         68   dfixui.o
        88          0          0          0          0         92   dflti.o
       100          4          0          0          0         92   dlef.o
       584         26          0          0          0         84   dmul.o
        20          6          0          0          0         68   dnan2.o
       104          4          0          0          0        104   drlef.o
        84          4          0          0          0         60   f2d.o
       352         10         64          0          0         92   fdiv.o
        94          0          0          0          0         68   retnan.o
         0          0          0          0          0          0   usenofp.o

    ----------------------------------------------------------------------
      5430        164        232          0         96       2768   Library Totals
         4          0          0          0          0          0   (incl. Padding)

    ----------------------------------------------------------------------

      Code (inc. data)   RO Data    RW Data    ZI Data      Debug   Library Name

      1662         52         40          0         96       1512   c_p.l
      3764        112        192          0          0       1256   fz_ps.l

    ----------------------------------------------------------------------
      5430        164        232          0         96       2768   Library Totals

    ----------------------------------------------------------------------

==============================================================================


      Code (inc. data)   RO Data    RW Data    ZI Data      Debug   

     29924       2534        456       1296       4848     516211   Grand Totals
     29924       2534        456        108       4848     516211   ELF Image Totals (compressed)
     29924       2534        456        108          0          0   ROM Totals

==============================================================================

    Total RO  Size (Code + RO Data)                30380 (  29.67kB)
    Total RW  Size (RW Data + ZI Data)              6144 (   6.00kB)
    Total ROM Size (Code + RO Data + RW Data)      30488 (  29.77kB)

==============================================================================

